Archive member included to satisfy reference by file (symbol)

/home/clst_wk/Documents/MizoTTSSystem/glibc-2.29/build/libc_pic.a(check_fds.os)
                              /home/clst_wk/Documents/MizoTTSSystem/glibc-2.29/build/elf/dl-allobjs.os (__libc_check_standard_fds)
/home/clst_wk/Documents/MizoTTSSystem/glibc-2.29/build/libc_pic.a(errno.os)
                              /home/clst_wk/Documents/MizoTTSSystem/glibc-2.29/build/libc_pic.a(check_fds.os) (__libc_errno)
/home/clst_wk/Documents/MizoTTSSystem/glibc-2.29/build/libc_pic.a(setjmp.os)
                              /home/clst_wk/Documents/MizoTTSSystem/glibc-2.29/build/elf/dl-allobjs.os (__sigsetjmp)
/home/clst_wk/Documents/MizoTTSSystem/glibc-2.29/build/libc_pic.a(__longjmp.os)
                              /home/clst_wk/Documents/MizoTTSSystem/glibc-2.29/build/elf/dl-allobjs.os (__longjmp)
/home/clst_wk/Documents/MizoTTSSystem/glibc-2.29/build/libc_pic.a(scratch_buffer_set_array_size.os)
                              /home/clst_wk/Documents/MizoTTSSystem/glibc-2.29/build/elf/dl-allobjs.os (__libc_scratch_buffer_set_array_size)
/home/clst_wk/Documents/MizoTTSSystem/glibc-2.29/build/libc_pic.a(strchr.os)
                              /home/clst_wk/Documents/MizoTTSSystem/glibc-2.29/build/elf/dl-allobjs.os (strchr)
/home/clst_wk/Documents/MizoTTSSystem/glibc-2.29/build/libc_pic.a(strcmp.os)
                              /home/clst_wk/Documents/MizoTTSSystem/glibc-2.29/build/elf/dl-allobjs.os (strcmp)
/home/clst_wk/Documents/MizoTTSSystem/glibc-2.29/build/libc_pic.a(strcspn.os)
                              /home/clst_wk/Documents/MizoTTSSystem/glibc-2.29/build/elf/dl-allobjs.os (strcspn)
/home/clst_wk/Documents/MizoTTSSystem/glibc-2.29/build/libc_pic.a(strdup.os)
                              /home/clst_wk/Documents/MizoTTSSystem/glibc-2.29/build/elf/dl-allobjs.os (__strdup)
/home/clst_wk/Documents/MizoTTSSystem/glibc-2.29/build/libc_pic.a(strlen.os)
                              /home/clst_wk/Documents/MizoTTSSystem/glibc-2.29/build/elf/dl-allobjs.os (strlen)
/home/clst_wk/Documents/MizoTTSSystem/glibc-2.29/build/libc_pic.a(strnlen.os)
                              /home/clst_wk/Documents/MizoTTSSystem/glibc-2.29/build/elf/dl-allobjs.os (strnlen)
/home/clst_wk/Documents/MizoTTSSystem/glibc-2.29/build/libc_pic.a(strncmp.os)
                              /home/clst_wk/Documents/MizoTTSSystem/glibc-2.29/build/elf/dl-allobjs.os (strncmp)
/home/clst_wk/Documents/MizoTTSSystem/glibc-2.29/build/libc_pic.a(memchr.os)
                              /home/clst_wk/Documents/MizoTTSSystem/glibc-2.29/build/elf/dl-allobjs.os (memchr)
/home/clst_wk/Documents/MizoTTSSystem/glibc-2.29/build/libc_pic.a(memcmp.os)
                              /home/clst_wk/Documents/MizoTTSSystem/glibc-2.29/build/elf/dl-allobjs.os (memcmp)
/home/clst_wk/Documents/MizoTTSSystem/glibc-2.29/build/libc_pic.a(memmove.os)
                              /home/clst_wk/Documents/MizoTTSSystem/glibc-2.29/build/elf/dl-allobjs.os (memmove)
/home/clst_wk/Documents/MizoTTSSystem/glibc-2.29/build/libc_pic.a(memset.os)
                              /home/clst_wk/Documents/MizoTTSSystem/glibc-2.29/build/elf/dl-allobjs.os (memset)
/home/clst_wk/Documents/MizoTTSSystem/glibc-2.29/build/libc_pic.a(mempcpy.os)
                              /home/clst_wk/Documents/MizoTTSSystem/glibc-2.29/build/elf/dl-allobjs.os (__mempcpy)
/home/clst_wk/Documents/MizoTTSSystem/glibc-2.29/build/libc_pic.a(stpcpy.os)
                              /home/clst_wk/Documents/MizoTTSSystem/glibc-2.29/build/elf/dl-allobjs.os (__stpcpy)
/home/clst_wk/Documents/MizoTTSSystem/glibc-2.29/build/libc_pic.a(memcpy.os)
                              /home/clst_wk/Documents/MizoTTSSystem/glibc-2.29/build/libc_pic.a(check_fds.os) (__GI_memcpy)
/home/clst_wk/Documents/MizoTTSSystem/glibc-2.29/build/libc_pic.a(rawmemchr.os)
                              /home/clst_wk/Documents/MizoTTSSystem/glibc-2.29/build/elf/dl-allobjs.os (rawmemchr)
/home/clst_wk/Documents/MizoTTSSystem/glibc-2.29/build/libc_pic.a(strcmp-sse2.os)
                              /home/clst_wk/Documents/MizoTTSSystem/glibc-2.29/build/libc_pic.a(strcmp.os) (__strcmp_sse2)
/home/clst_wk/Documents/MizoTTSSystem/glibc-2.29/build/libc_pic.a(strcmp-sse2-unaligned.os)
                              /home/clst_wk/Documents/MizoTTSSystem/glibc-2.29/build/libc_pic.a(strcmp.os) (__strcmp_sse2_unaligned)
/home/clst_wk/Documents/MizoTTSSystem/glibc-2.29/build/libc_pic.a(strcmp-ssse3.os)
                              /home/clst_wk/Documents/MizoTTSSystem/glibc-2.29/build/libc_pic.a(strcmp.os) (__strcmp_ssse3)
/home/clst_wk/Documents/MizoTTSSystem/glibc-2.29/build/libc_pic.a(strcmp-avx2.os)
                              /home/clst_wk/Documents/MizoTTSSystem/glibc-2.29/build/libc_pic.a(strcmp.os) (__strcmp_avx2)
/home/clst_wk/Documents/MizoTTSSystem/glibc-2.29/build/libc_pic.a(strncmp-sse2.os)
[...]
Memory Configuration

Name             Origin             Length             Attributes
*default*        0x0000000000000000 0xffffffffffffffff

Linker script and memory map

                0x0000000000000000                __stack_chk_fail = 0x0
                0x0000000000000000                __stack_chk_fail_local = 0x0
START GROUP
LOAD /home/clst_wk/Documents/MizoTTSSystem/glibc-2.29/build/elf/dl-allobjs.os
LOAD /home/clst_wk/Documents/MizoTTSSystem/glibc-2.29/build/libc_pic.a
LOAD /usr/lib/gcc/x86_64-linux-gnu/7/libgcc.a
END GROUP

.interp
 *(.interp)

.note.gnu.build-id
 *(.note.gnu.build-id)

.hash
 *(.hash)

.gnu.hash
 *(.gnu.hash)

.dynsym
 *(.dynsym)

.dynstr
 *(.dynstr)

.gnu.version
 *(.gnu.version)

.gnu.version_d
 *(.gnu.version_d)

.gnu.version_r
 *(.gnu.version_r)

.rela.init
 *(.rela.init)

.rela.text
 *(.rela.text)

.rela.fini
 *(.rela.fini)

.rela.rodata
 *(.rela.rodata)

.rela.data.rel.ro
 *(.rela.data.rel.ro)

.rela.data
 *(.rela.data)

.rela.tdata
 *(.rela.tdata)

.rela.tbss
 *(.rela.tbss)

.rela.ctors
 *(.rela.ctors)

.rela.dtors
 *(.rela.dtors)

.rela.got
 *(.rela.got)

.rela.bss
 *(.rela.bss)

.rela.ldata
 *(.rela.ldata)

.rela.lbss
 *(.rela.lbss)

.rela.lrodata
 *(.rela.lrodata)

.rela.ifunc
 *(.rela.ifunc)

.rela.plt
 *(.rela.plt)

.init
 *(SORT_NONE(.init))

.plt
 *(.plt)
 *(.iplt)

.plt.got
 *(.plt.got)

.plt.sec
 *(.plt.sec)

.text           0x0000000000000000    0x1f5fc
 *(.text .stub)
 .text          0x0000000000000000    0x18ee0 /home/clst_wk/Documents/MizoTTSSystem/glibc-2.29/build/elf/dl-allobjs.os
                0x0000000000000000                _start
                0x0000000000000008                _dl_start_user
                0x0000000000001270                handle_ld_preload
                0x00000000000068d0                _dl_dst_count
                0x0000000000006970                _dl_dst_substitute
                0x0000000000007130                _dl_init_paths
                0x0000000000007430                _dl_map_object
                0x0000000000007e90                _dl_rtld_di_serinfo
                0x0000000000008de0                _dl_lookup_symbol_x
                0x0000000000009d00                _dl_setup_hash
                0x0000000000009db0                _dl_add_to_namespace_list
                0x0000000000009e40                _dl_new_object
                0x000000000000a1b0                _dl_try_allocate_static_tls
                0x000000000000a290                _dl_allocate_static_tls
                0x000000000000a2c0                _dl_nothread_init_static_tls
                0x000000000000a300                _dl_protect_relro
                0x000000000000a370                _dl_reloc_bad_type
                0x000000000000a440                _dl_relocate_object
                0x000000000000be80                _dl_map_object_deps
                0x000000000000ced0                _dl_important_hwcaps
                0x000000000000d690                _dl_fixup
                0x000000000000d850                _dl_profile_fixup
                0x000000000000de40                _dl_call_pltexit
                0x000000000000e060                _dl_init
                0x000000000000e1a0                _dl_fini
                0x000000000000e580                _dl_debug_state
                0x000000000000e580                __GI__dl_debug_state
                0x000000000000e590                _dl_debug_initialize
                0x000000000000ec20                _dl_sysdep_read_whole_file
                0x000000000000ecb0                _dl_debug_printf
                0x000000000000ed60                _dl_debug_printf_c
                0x000000000000ee10                _dl_dprintf
                0x000000000000eeb0                _dl_name_match_p
                0x000000000000ef20                _dl_higher_prime_number
                0x000000000000efa0                _dl_strtoul
                0x000000000000f110                _dl_check_map_versions
                0x000000000000f870                _dl_check_all_versions
                0x000000000000f8e0                _dl_start_profile
                0x0000000000010040                __GI__dl_mcount
                0x0000000000010040                _dl_mcount
                0x0000000000010590                _dl_next_tls_modid
                0x0000000000010690                _dl_count_modids
                0x0000000000010700                _dl_determine_tlsoffset
                0x00000000000108c0                _dl_get_tls_static_info
                0x00000000000108e0                _dl_allocate_tls_storage
                0x00000000000109a0                __GI__dl_allocate_tls_init
                0x00000000000109a0                _dl_allocate_tls_init
                0x0000000000010c20                __GI__dl_allocate_tls
                0x0000000000010c20                _dl_allocate_tls
                0x0000000000010c60                _dl_deallocate_tls
                0x0000000000010c60                __GI__dl_deallocate_tls
                0x0000000000010ce0                _dl_update_slotinfo
                0x0000000000010f50                __GI___tls_get_addr
                0x0000000000010f50                ___tls_get_addr
                0x0000000000010f90                _dl_tls_get_addr_soft
                0x0000000000011010                _dl_add_to_slotinfo
                0x0000000000011100                __tls_get_addr_slow
                0x0000000000011130                _dl_get_origin
                0x00000000000112d0                _dl_scope_free
                0x00000000000113a0                _dl_make_stack_executable
                0x00000000000113a0                __GI__dl_make_stack_executable
                0x0000000000011610                __GI__dl_find_dso_for_object
                0x0000000000011610                _dl_find_dso_for_object
                0x00000000000116e0                _dl_open
                0x0000000000011a00                _dl_show_scope
                0x0000000000012410                _dl_close_worker
                0x0000000000013450                _dl_close
                0x00000000000134c0                _dl_runtime_profile_avx512
                0x0000000000013940                _dl_runtime_profile_avx
                0x0000000000013dc0                _dl_runtime_profile_sse
                0x0000000000013fc0                _dl_runtime_resolve_fxsave
                0x0000000000014040                _dl_runtime_resolve_xsave
                0x0000000000014110                _dl_runtime_resolve_xsavec
                0x0000000000014200                _dl_exception_create
                0x0000000000014200                __GI__dl_exception_create
                0x0000000000014300                __GI__dl_exception_create_format
                0x0000000000014300                _dl_exception_create_format
                0x0000000000014780                _dl_exception_free
                0x0000000000014780                __GI__dl_exception_free
                0x00000000000147b0                _dl_sort_maps
                0x0000000000014a90                _dl_cache_libcmp
                0x0000000000014b60                _dl_load_cache_lookup
                0x0000000000015200                _dl_unload_cache
                0x0000000000015300                __tunable_set_val
                0x0000000000015320                __GI___tunables_init
                0x00000000000157e0                __tunable_get_val
                0x00000000000157e0                __GI___tunable_get_val
                0x0000000000015840                _dl_make_tlsdesc_dynamic
                0x0000000000015b40                _dl_tlsdesc_resolve_rela_fixup
                0x0000000000015d00                _dl_tlsdesc_resolve_hold_fixup
                0x0000000000015d40                _dl_unmap
                0x0000000000015dc0                _dl_tlsdesc_return
                0x0000000000015dd0                _dl_tlsdesc_undefweak
                0x0000000000015de0                _dl_tlsdesc_dynamic
                0x0000000000015e80                _dl_tlsdesc_resolve_rela
                0x0000000000015ef0                _dl_tlsdesc_resolve_hold
                0x0000000000015f70                __tls_get_addr
                0x0000000000015fb0                __get_cpu_features
                0x0000000000015fc0                _dl_tunable_set_hwcaps
                0x0000000000017050                _dl_sysdep_start
                0x0000000000017930                _dl_sysdep_start_cleanup
                0x0000000000017940                _dl_show_auxv
                0x0000000000017ac0                _dl_discover_osversion
                0x0000000000017ca0                _dl_next_ld_env_entry
                0x0000000000017cf0                unsetenv
                0x0000000000017d60                malloc
                0x0000000000017e90                calloc
                0x0000000000017ed0                free
                0x0000000000017f10                __sigjmp_save
                0x0000000000017f20                __strerror_r
                0x0000000000018000                __GI___libc_fatal
                0x0000000000018000                __libc_fatal
                0x0000000000018030                __GI___chk_fail
                0x0000000000018030                __chk_fail
                0x0000000000018040                __GI___assert_fail
                0x0000000000018040                __assert_fail
                0x0000000000018090                realloc
                0x0000000000018120                __GI___assert_perror_fail
                0x0000000000018120                __assert_perror_fail
                0x0000000000018190                _itoa
                0x00000000000181e0                __strsep
                0x00000000000181e0                strsep
                0x00000000000181e0                __strsep_g
                0x0000000000018320                _dl_signal_exception
                0x0000000000018370                _dl_signal_error
                0x00000000000183c0                _dl_signal_cexception
                0x0000000000018440                _dl_signal_cerror
                0x00000000000184d0                _dl_catch_exception
                0x0000000000018580                _dl_catch_error
                0x00000000000185d0                _dl_receive_error
                0x0000000000018610                _dl_resolve_conflicts
                0x0000000000018780                __brk
                0x0000000000018780                brk
                0x00000000000187d0                sbrk
                0x00000000000187d0                __sbrk
                0x0000000000018860                __getcwd
                0x0000000000018860                getcwd
                0x0000000000018c90                openat64
                0x0000000000018cf0                __alloc_dir
                0x0000000000018df0                __opendir
                0x0000000000018df0                opendir
                0x0000000000018e90                __fxstatat
                0x0000000000018e90                __fxstatat64
                0x0000000000018e90                __GI___fxstatat64
 .text          0x0000000000018ee0       0xe2 /home/clst_wk/Documents/MizoTTSSystem/glibc-2.29/build/libc_pic.a(check_fds.os)
                0x0000000000018f90                __libc_check_standard_fds
 .text          0x0000000000018fc2        0x0 /home/clst_wk/Documents/MizoTTSSystem/glibc-2.29/build/libc_pic.a(errno.os)
 *fill*         0x0000000000018fc2        0xe 
 .text          0x0000000000018fd0       0x57 /home/clst_wk/Documents/MizoTTSSystem/glibc-2.29/build/libc_pic.a(setjmp.os)
                0x0000000000018fd0                __sigsetjmp
                0x0000000000018fd0                __GI___sigsetjmp
 *fill*         0x0000000000019027        0x9 
 .text          0x0000000000019030       0x50 /home/clst_wk/Documents/MizoTTSSystem/glibc-2.29/build/libc_pic.a(__longjmp.os)
                0x0000000000019030                __longjmp
 .text          0x0000000000019080       0xb8 /home/clst_wk/Documents/MizoTTSSystem/glibc-2.29/build/libc_pic.a(scratch_buffer_set_array_size.os)
                0x0000000000019080                __libc_scratch_buffer_set_array_size
                0x0000000000019080                __GI___libc_scratch_buffer_set_array_size
 *fill*         0x0000000000019138        0x8 
 .text          0x0000000000019140       0x49 /home/clst_wk/Documents/MizoTTSSystem/glibc-2.29/build/libc_pic.a(strchr.os)
                0x0000000000019140                __GI_strchr
                0x0000000000019140                index
                0x0000000000019140                strchr
 *fill*         0x0000000000019189        0x7 
 .text          0x0000000000019190       0x56 /home/clst_wk/Documents/MizoTTSSystem/glibc-2.29/build/libc_pic.a(strcmp.os)
                0x0000000000019190                __GI_strcmp
                0x0000000000019190                strcmp
 *fill*         0x00000000000191e6        0xa 
 .text          0x00000000000191f0       0x1e /home/clst_wk/Documents/MizoTTSSystem/glibc-2.29/build/libc_pic.a(strcspn.os)
                0x00000000000191f0                strcspn
                0x00000000000191f0                __GI_strcspn
 *fill*         0x000000000001920e        0x2 
 .text          0x0000000000019210       0x41 /home/clst_wk/Documents/MizoTTSSystem/glibc-2.29/build/libc_pic.a(strdup.os)
                0x0000000000019210                __GI___strdup
                0x0000000000019210                __strdup
                0x0000000000019210                strdup
 *fill*         0x0000000000019251        0xf 
 .text          0x0000000000019260       0x38 /home/clst_wk/Documents/MizoTTSSystem/glibc-2.29/build/libc_pic.a(strlen.os)
                0x0000000000019260                strlen
                0x0000000000019260                __GI_strlen
 *fill*         0x0000000000019298        0x8 
 .text          0x00000000000192a0       0x38 /home/clst_wk/Documents/MizoTTSSystem/glibc-2.29/build/libc_pic.a(strnlen.os)
                0x00000000000192a0                __strnlen
                0x00000000000192a0                strnlen
                0x00000000000192a0                __GI___strnlen
                0x00000000000192a0                __GI_strnlen
 *fill*         0x00000000000192d8        0x8 
 .text          0x00000000000192e0       0x60 /home/clst_wk/Documents/MizoTTSSystem/glibc-2.29/build/libc_pic.a(strncmp.os)
                0x00000000000192e0                __GI_strncmp
                0x00000000000192e0                strncmp
 .text          0x0000000000019340       0x38 /home/clst_wk/Documents/MizoTTSSystem/glibc-2.29/build/libc_pic.a(memchr.os)
                0x0000000000019340                __GI_memchr
                0x0000000000019340                memchr
                0x0000000000019340                __memchr
 *fill*         0x0000000000019378        0x8 
 .text          0x0000000000019380       0x6a /home/clst_wk/Documents/MizoTTSSystem/glibc-2.29/build/libc_pic.a(memcmp.os)
                0x0000000000019380                bcmp
                0x0000000000019380                __GI_memcmp
                0x0000000000019380                memcmp
 *fill*         0x00000000000193ea        0x6 
 .text          0x00000000000193f0       0xbf /home/clst_wk/Documents/MizoTTSSystem/glibc-2.29/build/libc_pic.a(memmove.os)
                0x00000000000193f0                memmove
                0x00000000000193f0                __GI_memmove
                0x00000000000193f0                __libc_memmove
 *fill*         0x00000000000194af        0x1 
 .text          0x00000000000194b0       0xa3 /home/clst_wk/Documents/MizoTTSSystem/glibc-2.29/build/libc_pic.a(memset.os)
                0x00000000000194b0                __GI_memset
                0x00000000000194b0                memset
 *fill*         0x0000000000019553        0xd 
 .text          0x0000000000019560       0xbf /home/clst_wk/Documents/MizoTTSSystem/glibc-2.29/build/libc_pic.a(mempcpy.os)
                0x0000000000019560                mempcpy
                0x0000000000019560                __GI_mempcpy
                0x0000000000019560                __mempcpy
                0x0000000000019560                __GI___mempcpy
 *fill*         0x000000000001961f        0x1 
 .text          0x0000000000019620       0x56 /home/clst_wk/Documents/MizoTTSSystem/glibc-2.29/build/libc_pic.a(stpcpy.os)
                0x0000000000019620                stpcpy
                0x0000000000019620                __GI_stpcpy
                0x0000000000019620                __stpcpy
                0x0000000000019620                __GI___stpcpy
 *fill*         0x0000000000019676        0xa 
 .text          0x0000000000019680       0xbf /home/clst_wk/Documents/MizoTTSSystem/glibc-2.29/build/libc_pic.a(memcpy.os)
                0x0000000000019680                __GI_memcpy
                0x0000000000019680                __new_memcpy
                0x0000000000019680                memcpy@@GLIBC_2.14
 *fill*         0x000000000001973f        0x1 
 .text          0x0000000000019740       0x38 /home/clst_wk/Documents/MizoTTSSystem/glibc-2.29/build/libc_pic.a(rawmemchr.os)
                0x0000000000019740                __GI___rawmemchr
                0x0000000000019740                __rawmemchr
                0x0000000000019740                rawmemchr
 *fill*         0x0000000000019778        0x8 
 .text          0x0000000000019780     0x1439 /home/clst_wk/Documents/MizoTTSSystem/glibc-2.29/build/libc_pic.a(strcmp-sse2.os)
                0x0000000000019780                __strcmp_sse2
 *fill*         0x000000000001abb9        0x7 
 .text          0x000000000001abc0      0x2a3 /home/clst_wk/Documents/MizoTTSSystem/glibc-2.29/build/libc_pic.a(strcmp-sse2-unaligned.os)
                0x000000000001abc0                __strcmp_sse2_unaligned
 .text          0x000000000001ae63        0x0 /home/clst_wk/Documents/MizoTTSSystem/glibc-2.29/build/libc_pic.a(strcmp-ssse3.os)
 .text          0x000000000001ae63        0x0 /home/clst_wk/Documents/MizoTTSSystem/glibc-2.29/build/libc_pic.a(strcmp-avx2.os)
 *fill*         0x000000000001ae63        0xd 
 .text          0x000000000001ae70     0x1849 /home/clst_wk/Documents/MizoTTSSystem/glibc-2.29/build/libc_pic.a(strncmp-sse2.os)
                0x000000000001ae70                __strncmp_sse2
 .text          0x000000000001c6b9        0x0 /home/clst_wk/Documents/MizoTTSSystem/glibc-2.29/build/libc_pic.a(strncmp-ssse3.os)
 .text          0x000000000001c6b9        0x0 /home/clst_wk/Documents/MizoTTSSystem/glibc-2.29/build/libc_pic.a(strncmp-sse4_2.os)
 .text          0x000000000001c6b9        0x0 /home/clst_wk/Documents/MizoTTSSystem/glibc-2.29/build/libc_pic.a(strncmp-avx2.os)
 *fill*         0x000000000001c6b9        0x7 
 .text          0x000000000001c6c0      0x323 /home/clst_wk/Documents/MizoTTSSystem/glibc-2.29/build/libc_pic.a(memchr-sse2.os)
                0x000000000001c6c0                __memchr_sse2
 *fill*         0x000000000001c9e3        0xd 
 .text          0x000000000001c9f0      0x1f9 /home/clst_wk/Documents/MizoTTSSystem/glibc-2.29/build/libc_pic.a(rawmemchr-sse2.os)
                0x000000000001c9f0                __rawmemchr_sse2
 .text          0x000000000001cbe9        0x0 /home/clst_wk/Documents/MizoTTSSystem/glibc-2.29/build/libc_pic.a(memchr-avx2.os)
 .text          0x000000000001cbe9        0x0 /home/clst_wk/Documents/MizoTTSSystem/glibc-2.29/build/libc_pic.a(rawmemchr-avx2.os)
 *fill*         0x000000000001cbe9        0x7 
 .text          0x000000000001cbf0      0x400 /home/clst_wk/Documents/MizoTTSSystem/glibc-2.29/build/libc_pic.a(memcmp-sse2.os)
                0x000000000001cbf0                __memcmp_sse2
 .text          0x000000000001cff0        0x0 /home/clst_wk/Documents/MizoTTSSystem/glibc-2.29/build/libc_pic.a(memcmp-avx2-movbe.os)
 .text          0x000000000001cff0        0x0 /home/clst_wk/Documents/MizoTTSSystem/glibc-2.29/build/libc_pic.a(memcmp-sse4.os)
 .text          0x000000000001cff0        0x0 /home/clst_wk/Documents/MizoTTSSystem/glibc-2.29/build/libc_pic.a(memcpy-ssse3.os)
 .text          0x000000000001cff0        0x0 /home/clst_wk/Documents/MizoTTSSystem/glibc-2.29/build/libc_pic.a(memmove-ssse3.os)
 .text          0x000000000001cff0        0x0 /home/clst_wk/Documents/MizoTTSSystem/glibc-2.29/build/libc_pic.a(memcpy-ssse3-back.os)
 .text          0x000000000001cff0        0x0 /home/clst_wk/Documents/MizoTTSSystem/glibc-2.29/build/libc_pic.a(memmove-ssse3-back.os)
 .text          0x000000000001cff0        0x0 /home/clst_wk/Documents/MizoTTSSystem/glibc-2.29/build/libc_pic.a(memmove-avx512-no-vzeroupper.os)
 .text          0x000000000001cff0      0x21a /home/clst_wk/Documents/MizoTTSSystem/glibc-2.29/build/libc_pic.a(strchr-sse2.os)
                0x000000000001cff0                __strchr_sse2
 .text          0x000000000001d20a        0x0 /home/clst_wk/Documents/MizoTTSSystem/glibc-2.29/build/libc_pic.a(strchr-avx2.os)
 *fill*         0x000000000001d20a        0x6 
 .text          0x000000000001d210      0x19c /home/clst_wk/Documents/MizoTTSSystem/glibc-2.29/build/libc_pic.a(strlen-sse2.os)
                0x000000000001d210                __strlen_sse2
                0x000000000001d210                __GI___strlen_sse2
 *fill*         0x000000000001d3ac        0x4 
 .text          0x000000000001d3b0      0x218 /home/clst_wk/Documents/MizoTTSSystem/glibc-2.29/build/libc_pic.a(strnlen-sse2.os)
                0x000000000001d3b0                __strnlen_sse2
 .text          0x000000000001d5c8        0x0 /home/clst_wk/Documents/MizoTTSSystem/glibc-2.29/build/libc_pic.a(strlen-avx2.os)
 .text          0x000000000001d5c8        0x0 /home/clst_wk/Documents/MizoTTSSystem/glibc-2.29/build/libc_pic.a(strnlen-avx2.os)
 *fill*         0x000000000001d5c8        0x8 
 .text          0x000000000001d5d0       0xdc /home/clst_wk/Documents/MizoTTSSystem/glibc-2.29/build/libc_pic.a(stpcpy-sse2.os)
                0x000000000001d5d0                __stpcpy_sse2
 .text          0x000000000001d6ac        0x0 /home/clst_wk/Documents/MizoTTSSystem/glibc-2.29/build/libc_pic.a(stpcpy-ssse3.os)
 *fill*         0x000000000001d6ac        0x4 
 .text          0x000000000001d6b0      0x6b0 /home/clst_wk/Documents/MizoTTSSystem/glibc-2.29/build/libc_pic.a(stpcpy-sse2-unaligned.os)
                0x000000000001d6b0                __stpcpy_sse2_unaligned
 .text          0x000000000001dd60        0x0 /home/clst_wk/Documents/MizoTTSSystem/glibc-2.29/build/libc_pic.a(stpcpy-avx2.os)
 .text          0x000000000001dd60        0x0 /home/clst_wk/Documents/MizoTTSSystem/glibc-2.29/build/libc_pic.a(strchr-sse2-no-bsf.os)
 .text          0x000000000001dd60        0x0 /home/clst_wk/Documents/MizoTTSSystem/glibc-2.29/build/libc_pic.a(memcmp-ssse3.os)
 .text          0x000000000001dd60       0x97 /home/clst_wk/Documents/MizoTTSSystem/glibc-2.29/build/libc_pic.a(strcspn-sse2.os)
                0x000000000001dd60                __strcspn_sse2
 .text          0x000000000001ddf7        0x0 /home/clst_wk/Documents/MizoTTSSystem/glibc-2.29/build/libc_pic.a(strcspn-c.os)
 .text          0x000000000001ddf7        0x0 /home/clst_wk/Documents/MizoTTSSystem/glibc-2.29/build/libc_pic.a(varshift.os)
 .text          0x000000000001ddf7        0x0 /home/clst_wk/Documents/MizoTTSSystem/glibc-2.29/build/libc_pic.a(memset-avx512-no-vzeroupper.os)
 *fill*         0x000000000001ddf7        0x9 
 .text          0x000000000001de00      0x3e9 /home/clst_wk/Documents/MizoTTSSystem/glibc-2.29/build/libc_pic.a(memmove-sse2-unaligned-erms.os)
                0x000000000001de00                __mempcpy_chk_sse2_unaligned
                0x000000000001de10                __mempcpy_sse2_unaligned
                0x000000000001de20                __memcpy_chk_sse2_unaligned
                0x000000000001de20                __memmove_chk_sse2_unaligned
                0x000000000001de30                __memmove_sse2_unaligned
                0x000000000001de30                __memcpy_sse2_unaligned
                0x000000000001de30                memcpy@GLIBC_2.2.5
                0x000000000001de60                __mempcpy_chk_erms
                0x000000000001de70                __mempcpy_erms
                0x000000000001de80                __memcpy_chk_erms
                0x000000000001de80                __memmove_chk_erms
                0x000000000001de90                __memmove_erms
                0x000000000001de90                __memcpy_erms
                0x000000000001dec0                __mempcpy_chk_sse2_unaligned_erms
                0x000000000001ded0                __mempcpy_sse2_unaligned_erms
                0x000000000001dee0                __memmove_chk_sse2_unaligned_erms
                0x000000000001dee0                __memcpy_chk_sse2_unaligned_erms
                0x000000000001def0                __memmove_sse2_unaligned_erms
                0x000000000001def0                __memcpy_sse2_unaligned_erms
 .text          0x000000000001e1e9        0x0 /home/clst_wk/Documents/MizoTTSSystem/glibc-2.29/build/libc_pic.a(memmove-avx-unaligned-erms.os)
 .text          0x000000000001e1e9        0x0 /home/clst_wk/Documents/MizoTTSSystem/glibc-2.29/build/libc_pic.a(memmove-avx512-unaligned-erms.os)
 *fill*         0x000000000001e1e9        0x7 
 .text          0x000000000001e1f0      0x1b3 /home/clst_wk/Documents/MizoTTSSystem/glibc-2.29/build/libc_pic.a(memset-sse2-unaligned-erms.os)
                0x000000000001e1f0                __bzero
                0x000000000001e1f0                bzero
                0x000000000001e200                __wmemset_chk_sse2_unaligned
                0x000000000001e210                __wmemset_sse2_unaligned
                0x000000000001e230                __memset_chk_sse2_unaligned
                0x000000000001e240                __memset_sse2_unaligned
                0x000000000001e280                __memset_chk_erms
                0x000000000001e290                __memset_erms
                0x000000000001e2b0                __memset_chk_sse2_unaligned_erms
                0x000000000001e2c0                __memset_sse2_unaligned_erms
 .text          0x000000000001e3a3        0x0 /home/clst_wk/Documents/MizoTTSSystem/glibc-2.29/build/libc_pic.a(memset-avx2-unaligned-erms.os)
 .text          0x000000000001e3a3        0x0 /home/clst_wk/Documents/MizoTTSSystem/glibc-2.29/build/libc_pic.a(memset-avx512-unaligned-erms.os)
 *fill*         0x000000000001e3a3        0xd 
 .text          0x000000000001e3b0      0x5ad /home/clst_wk/Documents/MizoTTSSystem/glibc-2.29/build/libc_pic.a(cacheinfo.os)
                0x000000000001e930                __cache_sysconf
 *fill*         0x000000000001e95d        0x3 
 .text          0x000000000001e960       0x2c /home/clst_wk/Documents/MizoTTSSystem/glibc-2.29/build/libc_pic.a(closedir.os)
                0x000000000001e960                __closedir
                0x000000000001e960                closedir
 *fill*         0x000000000001e98c        0x4 
 .text          0x000000000001e990       0x93 /home/clst_wk/Documents/MizoTTSSystem/glibc-2.29/build/libc_pic.a(rewinddir.os)
                0x000000000001e990                rewinddir
                0x000000000001e990                __rewinddir
                0x000000000001e990                __GI___rewinddir
 *fill*         0x000000000001ea23        0xd 
 .text          0x000000000001ea30      0x100 /home/clst_wk/Documents/MizoTTSSystem/glibc-2.29/build/libc_pic.a(readdir64.os)
                0x000000000001ea30                readdir
                0x000000000001ea30                __readdir64
                0x000000000001ea30                __readdir
                0x000000000001ea30                __GI___readdir64
                0x000000000001ea30                readdir64
 .text          0x000000000001eb30       0xa2 /home/clst_wk/Documents/MizoTTSSystem/glibc-2.29/build/libc_pic.a(fdopendir.os)
                0x000000000001eb30                fdopendir
                0x000000000001eb30                __fdopendir
 *fill*         0x000000000001ebd2        0xe 
 .text          0x000000000001ebe0       0x21 /home/clst_wk/Documents/MizoTTSSystem/glibc-2.29/build/libc_pic.a(uname.os)
                0x000000000001ebe0                uname
                0x000000000001ebe0                __GI_uname
                0x000000000001ebe0                __uname
                0x000000000001ebe0                __GI___uname
 *fill*         0x000000000001ec01        0xf 
 .text          0x000000000001ec10       0x58 /home/clst_wk/Documents/MizoTTSSystem/glibc-2.29/build/libc_pic.a(_exit.os)
                0x000000000001ec10                _Exit
                0x000000000001ec10                __GI__exit
                0x000000000001ec10                _exit
 *fill*         0x000000000001ec68        0x8 
 .text          0x000000000001ec70        0x8 /home/clst_wk/Documents/MizoTTSSystem/glibc-2.29/build/libc_pic.a(getpid.os)
                0x000000000001ec70                __getpid
                0x000000000001ec70                getpid
                0x000000000001ec70                __GI_getpid
                0x000000000001ec70                __GI___getpid
 .text          0x000000000001ec78        0x0 /home/clst_wk/Documents/MizoTTSSystem/glibc-2.29/build/libc_pic.a(environ.os)
 *fill*         0x000000000001ec78        0x8 
 .text          0x000000000001ec80       0x4c /home/clst_wk/Documents/MizoTTSSystem/glibc-2.29/build/libc_pic.a(xstat.os)
                0x000000000001ec80                _xstat
                0x000000000001ec80                __xstat64
                0x000000000001ec80                __GI___xstat64
                0x000000000001ec80                __GI___xstat
                0x000000000001ec80                __xstat
 *fill*         0x000000000001eccc        0x4 
 .text          0x000000000001ecd0       0x4c /home/clst_wk/Documents/MizoTTSSystem/glibc-2.29/build/libc_pic.a(fxstat.os)
                0x000000000001ecd0                __GI___fxstat
                0x000000000001ecd0                __GI___fxstat64
                0x000000000001ecd0                __fxstat64
                0x000000000001ecd0                _fxstat
                0x000000000001ecd0                __fxstat
 *fill*         0x000000000001ed1c        0x4 
 .text          0x000000000001ed20       0x4c /home/clst_wk/Documents/MizoTTSSystem/glibc-2.29/build/libc_pic.a(lxstat.os)
                0x000000000001ed20                __GI___lxstat
                0x000000000001ed20                _lxstat
                0x000000000001ed20                __lxstat
                0x000000000001ed20                __lxstat64
                0x000000000001ed20                __GI___lxstat64
 *fill*         0x000000000001ed6c        0x4 
 .text          0x000000000001ed70       0x2c /home/clst_wk/Documents/MizoTTSSystem/glibc-2.29/build/libc_pic.a(lseek64.os)
                0x000000000001ed70                __compat_llseek
                0x000000000001ed70                __GI___lseek
                0x000000000001ed70                __lseek64
                0x000000000001ed70                lseek
                0x000000000001ed70                __libc_lseek64
                0x000000000001ed70                llseek@GLIBC_2.2.5
                0x000000000001ed70                __lseek
                0x000000000001ed70                __libc_lseek
                0x000000000001ed70                lseek64
 *fill*         0x000000000001ed9c        0x4 
 .text          0x000000000001eda0       0x2a /home/clst_wk/Documents/MizoTTSSystem/glibc-2.29/build/libc_pic.a(access.os)
                0x000000000001eda0                access
                0x000000000001eda0                __access
 *fill*         0x000000000001edca        0x6 
 .text          0x000000000001edd0       0x2a /home/clst_wk/Documents/MizoTTSSystem/glibc-2.29/build/libc_pic.a(close_nocancel.os)
                0x000000000001edd0                __GI___close_nocancel
                0x000000000001edd0                __close_nocancel
 *fill*         0x000000000001edfa        0x6 
 .text          0x000000000001ee00       0x8f /home/clst_wk/Documents/MizoTTSSystem/glibc-2.29/build/libc_pic.a(fcntl_nocancel.os)
                0x000000000001ee00                __fcntl64_nocancel_adjusted
                0x000000000001ee60                __fcntl64_nocancel
                0x000000000001ee60                __GI___fcntl64_nocancel
 *fill*         0x000000000001ee8f        0x1 
 .text          0x000000000001ee90       0x7a /home/clst_wk/Documents/MizoTTSSystem/glibc-2.29/build/libc_pic.a(open64_nocancel.os)
                0x000000000001ee90                __GI___open_nocancel
                0x000000000001ee90                __open_nocancel
                0x000000000001ee90                __GI___open64_nocancel
                0x000000000001ee90                __open64_nocancel
 *fill*         0x000000000001ef0a        0x6 
 .text          0x000000000001ef10       0x6a /home/clst_wk/Documents/MizoTTSSystem/glibc-2.29/build/libc_pic.a(openat64_nocancel.os)
                0x000000000001ef10                __GI___openat64_nocancel
                0x000000000001ef10                __openat64_nocancel
                0x000000000001ef10                __GI___openat_nocancel
                0x000000000001ef10                __openat_nocancel
 *fill*         0x000000000001ef7a        0x6 
 .text          0x000000000001ef80       0x24 /home/clst_wk/Documents/MizoTTSSystem/glibc-2.29/build/libc_pic.a(read_nocancel.os)
                0x000000000001ef80                __read_nocancel
                0x000000000001ef80                __GI___read_nocancel
 *fill*         0x000000000001efa4        0xc 
 .text          0x000000000001efb0       0x2c /home/clst_wk/Documents/MizoTTSSystem/glibc-2.29/build/libc_pic.a(write_nocancel.os)
                0x000000000001efb0                __GI___write_nocancel
                0x000000000001efb0                __write_nocancel
 *fill*         0x000000000001efdc        0x4 
 .text          0x000000000001efe0       0xe0 /home/clst_wk/Documents/MizoTTSSystem/glibc-2.29/build/libc_pic.a(mmap64.os)
                0x000000000001efe0                __GI___mmap
                0x000000000001efe0                __mmap
                0x000000000001efe0                mmap
                0x000000000001efe0                __GI___mmap64
                0x000000000001efe0                __mmap64
                0x000000000001efe0                mmap64
 .text          0x000000000001f0c0       0x21 /home/clst_wk/Documents/MizoTTSSystem/glibc-2.29/build/libc_pic.a(munmap.os)
                0x000000000001f0c0                munmap
                0x000000000001f0c0                __GI___munmap
                0x000000000001f0c0                __GI_munmap
                0x000000000001f0c0                __munmap
 *fill*         0x000000000001f0e1        0xf 
 .text          0x000000000001f0f0       0x21 /home/clst_wk/Documents/MizoTTSSystem/glibc-2.29/build/libc_pic.a(mprotect.os)
                0x000000000001f0f0                __mprotect
                0x000000000001f0f0                __GI___mprotect
                0x000000000001f0f0                __GI_mprotect
                0x000000000001f0f0                mprotect
 *fill*         0x000000000001f111        0xf 
 .text          0x000000000001f120      0x1c1 /home/clst_wk/Documents/MizoTTSSystem/glibc-2.29/build/libc_pic.a(profil.os)
                0x000000000001f170                __profil
                0x000000000001f170                profil
 *fill*         0x000000000001f2e1        0xf 
 .text          0x000000000001f2f0        0xb /home/clst_wk/Documents/MizoTTSSystem/glibc-2.29/build/libc_pic.a(prof-freq.os)
                0x000000000001f2f0                __GI___profile_frequency
                0x000000000001f2f0                __profile_frequency
 *fill*         0x000000000001f2fb        0x5 
 .text          0x000000000001f300       0x4c /home/clst_wk/Documents/MizoTTSSystem/glibc-2.29/build/libc_pic.a(libc-lowlevellock.os)
                0x000000000001f300                __lll_lock_wait_private
                0x000000000001f330                __lll_unlock_wake_private
 .text          0x000000000001f34c        0x0 /home/clst_wk/Documents/MizoTTSSystem/glibc-2.29/build/libc_pic.a(libc_multiple_threads.os)
 *fill*         0x000000000001f34c        0x4 
 .text          0x000000000001f350       0x53 /home/clst_wk/Documents/MizoTTSSystem/glibc-2.29/build/libc_pic.a(dl-addr-obj.os)
                0x000000000001f350                _dl_addr_inside_object
 *fill*         0x000000000001f3a3        0xd 
 .text          0x000000000001f3b0      0x1ec /home/clst_wk/Documents/MizoTTSSystem/glibc-2.29/build/libc_pic.a(sigaction.os)
                0x000000000001f3d0                __libc_sigaction
                0x000000000001f3d0                __GI___libc_sigaction
                0x000000000001f570                sigaction
                0x000000000001f570                __GI___sigaction
                0x000000000001f570                __sigaction
 *fill*         0x000000000001f59c        0x4 
 .text          0x000000000001f5a0       0x21 /home/clst_wk/Documents/MizoTTSSystem/glibc-2.29/build/libc_pic.a(setitimer.os)
                0x000000000001f5a0                setitimer
                0x000000000001f5a0                __setitimer
                0x000000000001f5a0                __GI_setitimer
                0x000000000001f5a0                __GI___setitimer
 *fill*         0x000000000001f5c1        0xf 
 .text          0x000000000001f5d0       0x2c /home/clst_wk/Documents/MizoTTSSystem/glibc-2.29/build/libc_pic.a(getdents64.os)
                0x000000000001f5d0                __getdents
                0x000000000001f5d0                __getdents64
 *(.gnu.warning)

.text.unlikely  0x0000000000000000      0x172
 .text.unlikely
                0x0000000000000000      0x172 /home/clst_wk/Documents/MizoTTSSystem/glibc-2.29/build/elf/dl-allobjs.os

.text.ssse3     0x0000000000000000     0xed43
 .text.ssse3    0x0000000000000000     0x1259 /home/clst_wk/Documents/MizoTTSSystem/glibc-2.29/build/libc_pic.a(strcmp-ssse3.os)
                0x0000000000000000                __GI___strcmp_ssse3
                0x0000000000000000                __strcmp_ssse3
 *fill*         0x0000000000001259        0x7 
 .text.ssse3    0x0000000000001260     0x1759 /home/clst_wk/Documents/MizoTTSSystem/glibc-2.29/build/libc_pic.a(strncmp-ssse3.os)
                0x0000000000001260                __strncmp_ssse3
 *fill*         0x00000000000029b9        0x7 
 .text.ssse3    0x00000000000029c0     0x29e6 /home/clst_wk/Documents/MizoTTSSystem/glibc-2.29/build/libc_pic.a(memcpy-ssse3.os)
                0x00000000000029c0                __mempcpy_chk_ssse3
                0x00000000000029d0                __mempcpy_ssse3
                0x00000000000029e0                __memcpy_chk_ssse3
                0x00000000000029f0                __memcpy_ssse3
 *fill*         0x00000000000053a6        0xa 
 .text.ssse3    0x00000000000053b0     0x2b77 /home/clst_wk/Documents/MizoTTSSystem/glibc-2.29/build/libc_pic.a(memmove-ssse3.os)
                0x00000000000053b0                __memmove_chk_ssse3
                0x00000000000053c0                __memmove_ssse3
 *fill*         0x0000000000007f27        0x9 
 .text.ssse3    0x0000000000007f30     0x2ae6 /home/clst_wk/Documents/MizoTTSSystem/glibc-2.29/build/libc_pic.a(memcpy-ssse3-back.os)
                0x0000000000007f30                __mempcpy_chk_ssse3_back
                0x0000000000007f40                __mempcpy_ssse3_back
                0x0000000000007f50                __memcpy_chk_ssse3_back
                0x0000000000007f60                __memcpy_ssse3_back
 *fill*         0x000000000000aa16        0xa 
 .text.ssse3    0x000000000000aa20     0x2b16 /home/clst_wk/Documents/MizoTTSSystem/glibc-2.29/build/libc_pic.a(memmove-ssse3-back.os)
                0x000000000000aa20                __memmove_chk_ssse3_back
                0x000000000000aa30                __memmove_ssse3_back
 *fill*         0x000000000000d536        0xa 
 .text.ssse3    0x000000000000d540     0x1803 /home/clst_wk/Documents/MizoTTSSystem/glibc-2.29/build/libc_pic.a(stpcpy-ssse3.os)
                0x000000000000d540                __stpcpy_ssse3

.text.avx       0x0000000000000000     0x21eb
 .text.avx      0x0000000000000000      0x43f /home/clst_wk/Documents/MizoTTSSystem/glibc-2.29/build/libc_pic.a(strcmp-avx2.os)
                0x0000000000000000                __strcmp_avx2
 *fill*         0x000000000000043f        0x1 
 .text.avx      0x0000000000000440      0x508 /home/clst_wk/Documents/MizoTTSSystem/glibc-2.29/build/libc_pic.a(strncmp-avx2.os)
                0x0000000000000440                __strncmp_avx2
 *fill*         0x0000000000000948        0x8 
 .text.avx      0x0000000000000950      0x2cd /home/clst_wk/Documents/MizoTTSSystem/glibc-2.29/build/libc_pic.a(memchr-avx2.os)
                0x0000000000000950                __memchr_avx2
 *fill*         0x0000000000000c1d        0x3 
 .text.avx      0x0000000000000c20      0x13d /home/clst_wk/Documents/MizoTTSSystem/glibc-2.29/build/libc_pic.a(rawmemchr-avx2.os)
                0x0000000000000c20                __rawmemchr_avx2
 *fill*         0x0000000000000d5d        0x3 
 .text.avx      0x0000000000000d60      0x3d4 /home/clst_wk/Documents/MizoTTSSystem/glibc-2.29/build/libc_pic.a(memcmp-avx2-movbe.os)
                0x0000000000000d60                __memcmp_avx2_movbe
 *fill*         0x0000000000001134        0xc 
 .text.avx      0x0000000000001140      0x224 /home/clst_wk/Documents/MizoTTSSystem/glibc-2.29/build/libc_pic.a(strchr-avx2.os)
                0x0000000000001140                __strchr_avx2
 *fill*         0x0000000000001364        0xc 
 .text.avx      0x0000000000001370      0x18e /home/clst_wk/Documents/MizoTTSSystem/glibc-2.29/build/libc_pic.a(strlen-avx2.os)
                0x0000000000001370                __strlen_avx2
 *fill*         0x00000000000014fe        0x2 
 .text.avx      0x0000000000001500      0x31e /home/clst_wk/Documents/MizoTTSSystem/glibc-2.29/build/libc_pic.a(strnlen-avx2.os)
                0x0000000000001500                __strnlen_avx2
 *fill*         0x000000000000181e        0x2 
 .text.avx      0x0000000000001820      0x3ac /home/clst_wk/Documents/MizoTTSSystem/glibc-2.29/build/libc_pic.a(stpcpy-avx2.os)
                0x0000000000001820                __stpcpy_avx2
 *fill*         0x0000000000001bcc        0x4 
 .text.avx      0x0000000000001bd0      0x464 /home/clst_wk/Documents/MizoTTSSystem/glibc-2.29/build/libc_pic.a(memmove-avx-unaligned-erms.os)
                0x0000000000001bd0                __mempcpy_chk_avx_unaligned
                0x0000000000001be0                __mempcpy_avx_unaligned
                0x0000000000001bf0                __memcpy_chk_avx_unaligned
                0x0000000000001bf0                __memmove_chk_avx_unaligned
                0x0000000000001c00                __memcpy_avx_unaligned
                0x0000000000001c00                __memmove_avx_unaligned
                0x0000000000001c30                __mempcpy_chk_avx_unaligned_erms
                0x0000000000001c40                __mempcpy_avx_unaligned_erms
                0x0000000000001c50                __memmove_chk_avx_unaligned_erms
                0x0000000000001c50                __memcpy_chk_avx_unaligned_erms
                0x0000000000001c60                __memcpy_avx_unaligned_erms
                0x0000000000001c60                __memmove_avx_unaligned_erms
 *fill*         0x0000000000002034        0xc 
 .text.avx      0x0000000000002040      0x1ab /home/clst_wk/Documents/MizoTTSSystem/glibc-2.29/build/libc_pic.a(memset-avx2-unaligned-erms.os)
                0x0000000000002040                __wmemset_chk_avx2_unaligned
                0x0000000000002050                __wmemset_avx2_unaligned
                0x0000000000002070                __memset_chk_avx2_unaligned
                0x0000000000002080                __memset_avx2_unaligned
                0x00000000000020b0                __memset_avx2_erms
                0x00000000000020d0                __memset_chk_avx2_unaligned_erms
                0x00000000000020e0                __memset_avx2_unaligned_erms

.text.sse4.2    0x0000000000000000     0x1111
 .text.sse4.2   0x0000000000000000      0xfd9 /home/clst_wk/Documents/MizoTTSSystem/glibc-2.29/build/libc_pic.a(strncmp-sse4_2.os)
                0x0000000000000000                __strncmp_sse42
 *fill*         0x0000000000000fd9        0x7 
 .text.sse4.2   0x0000000000000fe0      0x131 /home/clst_wk/Documents/MizoTTSSystem/glibc-2.29/build/libc_pic.a(strcspn-c.os)
                0x0000000000000fe0                __strcspn_sse42

.text.sse4.1    0x0000000000000000     0x163e
 .text.sse4.1   0x0000000000000000     0x163e /home/clst_wk/Documents/MizoTTSSystem/glibc-2.29/build/libc_pic.a(memcmp-sse4.os)
                0x0000000000000000                __memcmp_sse4_1

.text.avx512    0x0000000000000000     0x1171
 .text.avx512   0x0000000000000000      0x76b /home/clst_wk/Documents/MizoTTSSystem/glibc-2.29/build/libc_pic.a(memmove-avx512-no-vzeroupper.os)
                0x0000000000000000                __mempcpy_chk_avx512_no_vzeroupper
                0x0000000000000010                __mempcpy_avx512_no_vzeroupper
                0x0000000000000020                __memcpy_chk_avx512_no_vzeroupper
                0x0000000000000020                __memmove_chk_avx512_no_vzeroupper
                0x0000000000000030                __memcpy_avx512_no_vzeroupper
                0x0000000000000030                __memmove_avx512_no_vzeroupper
 *fill*         0x000000000000076b        0x5 
 .text.avx512   0x0000000000000770      0x280 /home/clst_wk/Documents/MizoTTSSystem/glibc-2.29/build/libc_pic.a(memset-avx512-no-vzeroupper.os)
                0x0000000000000770                __memset_chk_avx512_no_vzeroupper
                0x0000000000000780                __memset_avx512_no_vzeroupper
 .text.avx512   0x00000000000009f0      0x57c /home/clst_wk/Documents/MizoTTSSystem/glibc-2.29/build/libc_pic.a(memmove-avx512-unaligned-erms.os)
                0x00000000000009f0                __mempcpy_chk_avx512_unaligned
                0x0000000000000a00                __mempcpy_avx512_unaligned
                0x0000000000000a10                __memcpy_chk_avx512_unaligned
                0x0000000000000a10                __memmove_chk_avx512_unaligned
                0x0000000000000a20                __memmove_avx512_unaligned
                0x0000000000000a20                __memcpy_avx512_unaligned
                0x0000000000000a60                __mempcpy_chk_avx512_unaligned_erms
                0x0000000000000a70                __mempcpy_avx512_unaligned_erms
                0x0000000000000a80                __memcpy_chk_avx512_unaligned_erms
                0x0000000000000a80                __memmove_chk_avx512_unaligned_erms
                0x0000000000000a90                __memmove_avx512_unaligned_erms
                0x0000000000000a90                __memcpy_avx512_unaligned_erms
 *fill*         0x0000000000000f6c        0x4 
 .text.avx512   0x0000000000000f70      0x201 /home/clst_wk/Documents/MizoTTSSystem/glibc-2.29/build/libc_pic.a(memset-avx512-unaligned-erms.os)
                0x0000000000000f70                __wmemset_chk_avx512_unaligned
                0x0000000000000f80                __wmemset_avx512_unaligned
                0x0000000000000fa0                __memset_chk_avx512_unaligned
                0x0000000000000fb0                __memset_avx512_unaligned
                0x0000000000000ff0                __memset_avx512_erms
                0x0000000000001010                __memset_chk_avx512_unaligned_erms
                0x0000000000001020                __memset_avx512_unaligned_erms

.text.atom      0x0000000000000000     0x1a83
 .text.atom     0x0000000000000000      0x315 /home/clst_wk/Documents/MizoTTSSystem/glibc-2.29/build/libc_pic.a(strchr-sse2-no-bsf.os)
                0x0000000000000000                __strchr_sse2_no_bsf
 *fill*         0x0000000000000315        0xb 
 .text.atom     0x0000000000000320     0x1763 /home/clst_wk/Documents/MizoTTSSystem/glibc-2.29/build/libc_pic.a(memcmp-ssse3.os)
                0x0000000000000320                __memcmp_ssse3

.text.startup   0x0000000000000000      0x49d
 .text.startup  0x0000000000000000      0x49d /home/clst_wk/Documents/MizoTTSSystem/glibc-2.29/build/libc_pic.a(cacheinfo.os)

.fini
 *(SORT_NONE(.fini))

.rodata         0x0000000000000000     0x13a0
 *(.rodata)
 .rodata        0x0000000000000000      0xf18 /home/clst_wk/Documents/MizoTTSSystem/glibc-2.29/build/elf/dl-allobjs.os
                0x0000000000000e70                __GI__itoa_lower_digits
                0x0000000000000e70                _itoa_lower_digits
 .rodata        0x0000000000000f18       0x40 /home/clst_wk/Documents/MizoTTSSystem/glibc-2.29/build/libc_pic.a(strcmp-sse2.os)
 .rodata        0x0000000000000f58       0x40 /home/clst_wk/Documents/MizoTTSSystem/glibc-2.29/build/libc_pic.a(strcmp-ssse3.os)
 .rodata        0x0000000000000f98       0x40 /home/clst_wk/Documents/MizoTTSSystem/glibc-2.29/build/libc_pic.a(strncmp-sse2.os)
 .rodata        0x0000000000000fd8       0x40 /home/clst_wk/Documents/MizoTTSSystem/glibc-2.29/build/libc_pic.a(strncmp-ssse3.os)
 .rodata        0x0000000000001018       0x80 /home/clst_wk/Documents/MizoTTSSystem/glibc-2.29/build/libc_pic.a(stpcpy-sse2-unaligned.os)
 *fill*         0x0000000000001098        0x8 
 .rodata        0x00000000000010a0       0x1f /home/clst_wk/Documents/MizoTTSSystem/glibc-2.29/build/libc_pic.a(varshift.os)
                0x00000000000010a0                ___m128i_shift_right
 *fill*         0x00000000000010bf        0x1 
 .rodata        0x00000000000010c0      0x2e0 /home/clst_wk/Documents/MizoTTSSystem/glibc-2.29/build/libc_pic.a(cacheinfo.os)

.rodata.str1.1  0x0000000000000000     0x1280
 .rodata.str1.1
                0x0000000000000000     0x1233 /home/clst_wk/Documents/MizoTTSSystem/glibc-2.29/build/elf/dl-allobjs.os
 .rodata.str1.1
                0x0000000000001233       0x14 /home/clst_wk/Documents/MizoTTSSystem/glibc-2.29/build/libc_pic.a(check_fds.os)
 .rodata.str1.1
                0x0000000000001247       0x39 /home/clst_wk/Documents/MizoTTSSystem/glibc-2.29/build/libc_pic.a(cacheinfo.os)

.rodata.str1.8  0x0000000000000000     0x253b
 .rodata.str1.8
                0x0000000000000000     0x2529 /home/clst_wk/Documents/MizoTTSSystem/glibc-2.29/build/elf/dl-allobjs.os
 *fill*         0x0000000000002529        0x7 
 .rodata.str1.8
                0x0000000000002530        0xb /home/clst_wk/Documents/MizoTTSSystem/glibc-2.29/build/libc_pic.a(cacheinfo.os)

.rodata.str1.16
                0x0000000000000000      0x351
 .rodata.str1.16
                0x0000000000000000      0x336 /home/clst_wk/Documents/MizoTTSSystem/glibc-2.29/build/elf/dl-allobjs.os
 *fill*         0x0000000000000336        0xa 
 .rodata.str1.16
                0x0000000000000340       0x11 /home/clst_wk/Documents/MizoTTSSystem/glibc-2.29/build/libc_pic.a(cacheinfo.os)

.rodata.cst16   0x0000000000000000       0x20
 .rodata.cst16  0x0000000000000000       0x20 /home/clst_wk/Documents/MizoTTSSystem/glibc-2.29/build/elf/dl-allobjs.os

.rodata.cst4    0x0000000000000000        0x4
 .rodata.cst4   0x0000000000000000        0x4 /home/clst_wk/Documents/MizoTTSSystem/glibc-2.29/build/elf/dl-allobjs.os

.rodata.str1.32
                0x0000000000000000       0x3b
 .rodata.str1.32
                0x0000000000000000       0x3b /home/clst_wk/Documents/MizoTTSSystem/glibc-2.29/build/elf/dl-allobjs.os

.rodata.sse4.2  0x0000000000000000       0x40
 .rodata.sse4.2
                0x0000000000000000       0x40 /home/clst_wk/Documents/MizoTTSSystem/glibc-2.29/build/libc_pic.a(strncmp-sse4_2.os)

.rodata.sse4.1  0x0000000000000000      0x140
 .rodata.sse4.1
                0x0000000000000000      0x140 /home/clst_wk/Documents/MizoTTSSystem/glibc-2.29/build/libc_pic.a(memcmp-sse4.os)

.rodata.ssse3   0x0000000000000000      0xd80
 .rodata.ssse3  0x0000000000000000      0x1c0 /home/clst_wk/Documents/MizoTTSSystem/glibc-2.29/build/libc_pic.a(memcpy-ssse3.os)
 .rodata.ssse3  0x00000000000001c0      0x1c0 /home/clst_wk/Documents/MizoTTSSystem/glibc-2.29/build/libc_pic.a(memmove-ssse3.os)
 .rodata.ssse3  0x0000000000000380      0x500 /home/clst_wk/Documents/MizoTTSSystem/glibc-2.29/build/libc_pic.a(memcpy-ssse3-back.os)
 .rodata.ssse3  0x0000000000000880      0x500 /home/clst_wk/Documents/MizoTTSSystem/glibc-2.29/build/libc_pic.a(memmove-ssse3-back.os)

.rodata1
 *(.rodata1)

.eh_frame_hdr
 *(.eh_frame_hdr)

.eh_frame       0x0000000000000000     0x3d84
 *(.eh_frame)
 .eh_frame      0x0000000000000000     0x2480 /home/clst_wk/Documents/MizoTTSSystem/glibc-2.29/build/elf/dl-allobjs.os
                                       0x24c4 (size before relaxing)
 *fill*         0x0000000000002480        0x0 
 .eh_frame      0x0000000000002480       0x68 /home/clst_wk/Documents/MizoTTSSystem/glibc-2.29/build/libc_pic.a(check_fds.os)
 .eh_frame      0x00000000000024e8       0x30 /home/clst_wk/Documents/MizoTTSSystem/glibc-2.29/build/libc_pic.a(setjmp.os)
 .eh_frame      0x0000000000002518       0x48 /home/clst_wk/Documents/MizoTTSSystem/glibc-2.29/build/libc_pic.a(__longjmp.os)
 .eh_frame      0x0000000000002560       0x60 /home/clst_wk/Documents/MizoTTSSystem/glibc-2.29/build/libc_pic.a(scratch_buffer_set_array_size.os)
 .eh_frame      0x00000000000025c0       0x30 /home/clst_wk/Documents/MizoTTSSystem/glibc-2.29/build/libc_pic.a(strchr.os)
 .eh_frame      0x00000000000025f0       0x30 /home/clst_wk/Documents/MizoTTSSystem/glibc-2.29/build/libc_pic.a(strcmp.os)
 .eh_frame      0x0000000000002620       0x30 /home/clst_wk/Documents/MizoTTSSystem/glibc-2.29/build/libc_pic.a(strcspn.os)
 .eh_frame      0x0000000000002650       0x50 /home/clst_wk/Documents/MizoTTSSystem/glibc-2.29/build/libc_pic.a(strdup.os)
 .eh_frame      0x00000000000026a0       0x30 /home/clst_wk/Documents/MizoTTSSystem/glibc-2.29/build/libc_pic.a(strlen.os)
 .eh_frame      0x00000000000026d0       0x30 /home/clst_wk/Documents/MizoTTSSystem/glibc-2.29/build/libc_pic.a(strnlen.os)
 .eh_frame      0x0000000000002700       0x30 /home/clst_wk/Documents/MizoTTSSystem/glibc-2.29/build/libc_pic.a(strncmp.os)
 .eh_frame      0x0000000000002730       0x30 /home/clst_wk/Documents/MizoTTSSystem/glibc-2.29/build/libc_pic.a(memchr.os)
 .eh_frame      0x0000000000002760       0x30 /home/clst_wk/Documents/MizoTTSSystem/glibc-2.29/build/libc_pic.a(memcmp.os)
 .eh_frame      0x0000000000002790       0x30 /home/clst_wk/Documents/MizoTTSSystem/glibc-2.29/build/libc_pic.a(memmove.os)
 .eh_frame      0x00000000000027c0       0x30 /home/clst_wk/Documents/MizoTTSSystem/glibc-2.29/build/libc_pic.a(memset.os)
 .eh_frame      0x00000000000027f0       0x30 /home/clst_wk/Documents/MizoTTSSystem/glibc-2.29/build/libc_pic.a(mempcpy.os)
 .eh_frame      0x0000000000002820       0x30 /home/clst_wk/Documents/MizoTTSSystem/glibc-2.29/build/libc_pic.a(stpcpy.os)
 .eh_frame      0x0000000000002850       0x30 /home/clst_wk/Documents/MizoTTSSystem/glibc-2.29/build/libc_pic.a(memcpy.os)
 .eh_frame      0x0000000000002880       0x30 /home/clst_wk/Documents/MizoTTSSystem/glibc-2.29/build/libc_pic.a(rawmemchr.os)
 .eh_frame      0x00000000000028b0       0x30 /home/clst_wk/Documents/MizoTTSSystem/glibc-2.29/build/libc_pic.a(strcmp-sse2.os)
 .eh_frame      0x00000000000028e0       0x30 /home/clst_wk/Documents/MizoTTSSystem/glibc-2.29/build/libc_pic.a(strcmp-sse2-unaligned.os)
 .eh_frame      0x0000000000002910       0x30 /home/clst_wk/Documents/MizoTTSSystem/glibc-2.29/build/libc_pic.a(strcmp-ssse3.os)
 .eh_frame      0x0000000000002940       0x30 /home/clst_wk/Documents/MizoTTSSystem/glibc-2.29/build/libc_pic.a(strcmp-avx2.os)
 .eh_frame      0x0000000000002970       0x30 /home/clst_wk/Documents/MizoTTSSystem/glibc-2.29/build/libc_pic.a(strncmp-sse2.os)
 .eh_frame      0x00000000000029a0       0x30 /home/clst_wk/Documents/MizoTTSSystem/glibc-2.29/build/libc_pic.a(strncmp-ssse3.os)
 .eh_frame      0x00000000000029d0       0x30 /home/clst_wk/Documents/MizoTTSSystem/glibc-2.29/build/libc_pic.a(strncmp-sse4_2.os)
 .eh_frame      0x0000000000002a00       0x30 /home/clst_wk/Documents/MizoTTSSystem/glibc-2.29/build/libc_pic.a(strncmp-avx2.os)
 .eh_frame      0x0000000000002a30       0x30 /home/clst_wk/Documents/MizoTTSSystem/glibc-2.29/build/libc_pic.a(memchr-sse2.os)
 .eh_frame      0x0000000000002a60       0x30 /home/clst_wk/Documents/MizoTTSSystem/glibc-2.29/build/libc_pic.a(rawmemchr-sse2.os)
 .eh_frame      0x0000000000002a90       0x30 /home/clst_wk/Documents/MizoTTSSystem/glibc-2.29/build/libc_pic.a(memchr-avx2.os)
 .eh_frame      0x0000000000002ac0       0x30 /home/clst_wk/Documents/MizoTTSSystem/glibc-2.29/build/libc_pic.a(rawmemchr-avx2.os)
 .eh_frame      0x0000000000002af0       0x30 /home/clst_wk/Documents/MizoTTSSystem/glibc-2.29/build/libc_pic.a(memcmp-sse2.os)
 .eh_frame      0x0000000000002b20       0x30 /home/clst_wk/Documents/MizoTTSSystem/glibc-2.29/build/libc_pic.a(memcmp-avx2-movbe.os)
 .eh_frame      0x0000000000002b50       0x30 /home/clst_wk/Documents/MizoTTSSystem/glibc-2.29/build/libc_pic.a(memcmp-sse4.os)
 .eh_frame      0x0000000000002b80       0x68 /home/clst_wk/Documents/MizoTTSSystem/glibc-2.29/build/libc_pic.a(memcpy-ssse3.os)
 .eh_frame      0x0000000000002be8       0x40 /home/clst_wk/Documents/MizoTTSSystem/glibc-2.29/build/libc_pic.a(memmove-ssse3.os)
 .eh_frame      0x0000000000002c28       0x68 /home/clst_wk/Documents/MizoTTSSystem/glibc-2.29/build/libc_pic.a(memcpy-ssse3-back.os)
 .eh_frame      0x0000000000002c90       0x40 /home/clst_wk/Documents/MizoTTSSystem/glibc-2.29/build/libc_pic.a(memmove-ssse3-back.os)
 .eh_frame      0x0000000000002cd0       0x68 /home/clst_wk/Documents/MizoTTSSystem/glibc-2.29/build/libc_pic.a(memmove-avx512-no-vzeroupper.os)
 .eh_frame      0x0000000000002d38       0x30 /home/clst_wk/Documents/MizoTTSSystem/glibc-2.29/build/libc_pic.a(strchr-sse2.os)
 .eh_frame      0x0000000000002d68       0x30 /home/clst_wk/Documents/MizoTTSSystem/glibc-2.29/build/libc_pic.a(strchr-avx2.os)
 .eh_frame      0x0000000000002d98       0x30 /home/clst_wk/Documents/MizoTTSSystem/glibc-2.29/build/libc_pic.a(strlen-sse2.os)
 .eh_frame      0x0000000000002dc8       0x30 /home/clst_wk/Documents/MizoTTSSystem/glibc-2.29/build/libc_pic.a(strnlen-sse2.os)
 .eh_frame      0x0000000000002df8       0x30 /home/clst_wk/Documents/MizoTTSSystem/glibc-2.29/build/libc_pic.a(strlen-avx2.os)
 .eh_frame      0x0000000000002e28       0x30 /home/clst_wk/Documents/MizoTTSSystem/glibc-2.29/build/libc_pic.a(strnlen-avx2.os)
 .eh_frame      0x0000000000002e58       0x30 /home/clst_wk/Documents/MizoTTSSystem/glibc-2.29/build/libc_pic.a(stpcpy-sse2.os)
 .eh_frame      0x0000000000002e88       0x30 /home/clst_wk/Documents/MizoTTSSystem/glibc-2.29/build/libc_pic.a(stpcpy-ssse3.os)
 .eh_frame      0x0000000000002eb8       0x30 /home/clst_wk/Documents/MizoTTSSystem/glibc-2.29/build/libc_pic.a(stpcpy-sse2-unaligned.os)
 .eh_frame      0x0000000000002ee8       0x30 /home/clst_wk/Documents/MizoTTSSystem/glibc-2.29/build/libc_pic.a(stpcpy-avx2.os)
 .eh_frame      0x0000000000002f18       0x30 /home/clst_wk/Documents/MizoTTSSystem/glibc-2.29/build/libc_pic.a(strchr-sse2-no-bsf.os)
 .eh_frame      0x0000000000002f48       0x30 /home/clst_wk/Documents/MizoTTSSystem/glibc-2.29/build/libc_pic.a(memcmp-ssse3.os)
 .eh_frame      0x0000000000002f78       0x38 /home/clst_wk/Documents/MizoTTSSystem/glibc-2.29/build/libc_pic.a(strcspn-sse2.os)
 .eh_frame      0x0000000000002fb0       0x30 /home/clst_wk/Documents/MizoTTSSystem/glibc-2.29/build/libc_pic.a(strcspn-c.os)
 .eh_frame      0x0000000000002fe0       0x40 /home/clst_wk/Documents/MizoTTSSystem/glibc-2.29/build/libc_pic.a(memset-avx512-no-vzeroupper.os)
 .eh_frame      0x0000000000003020      0x108 /home/clst_wk/Documents/MizoTTSSystem/glibc-2.29/build/libc_pic.a(memmove-sse2-unaligned-erms.os)
 .eh_frame      0x0000000000003128       0xb8 /home/clst_wk/Documents/MizoTTSSystem/glibc-2.29/build/libc_pic.a(memmove-avx-unaligned-erms.os)
 .eh_frame      0x00000000000031e0       0xb8 /home/clst_wk/Documents/MizoTTSSystem/glibc-2.29/build/libc_pic.a(memmove-avx512-unaligned-erms.os)
 .eh_frame      0x0000000000003298       0xd0 /home/clst_wk/Documents/MizoTTSSystem/glibc-2.29/build/libc_pic.a(memset-sse2-unaligned-erms.os)
 .eh_frame      0x0000000000003368       0xa8 /home/clst_wk/Documents/MizoTTSSystem/glibc-2.29/build/libc_pic.a(memset-avx2-unaligned-erms.os)
 .eh_frame      0x0000000000003410       0xa8 /home/clst_wk/Documents/MizoTTSSystem/glibc-2.29/build/libc_pic.a(memset-avx512-unaligned-erms.os)
 .eh_frame      0x00000000000034b8      0x198 /home/clst_wk/Documents/MizoTTSSystem/glibc-2.29/build/libc_pic.a(cacheinfo.os)
 .eh_frame      0x0000000000003650       0x38 /home/clst_wk/Documents/MizoTTSSystem/glibc-2.29/build/libc_pic.a(closedir.os)
 .eh_frame      0x0000000000003688       0x40 /home/clst_wk/Documents/MizoTTSSystem/glibc-2.29/build/libc_pic.a(rewinddir.os)
 .eh_frame      0x00000000000036c8       0x68 /home/clst_wk/Documents/MizoTTSSystem/glibc-2.29/build/libc_pic.a(readdir64.os)
 .eh_frame      0x0000000000003730       0x50 /home/clst_wk/Documents/MizoTTSSystem/glibc-2.29/build/libc_pic.a(fdopendir.os)
 .eh_frame      0x0000000000003780       0x30 /home/clst_wk/Documents/MizoTTSSystem/glibc-2.29/build/libc_pic.a(uname.os)
 .eh_frame      0x00000000000037b0       0x30 /home/clst_wk/Documents/MizoTTSSystem/glibc-2.29/build/libc_pic.a(_exit.os)
 .eh_frame      0x00000000000037e0       0x30 /home/clst_wk/Documents/MizoTTSSystem/glibc-2.29/build/libc_pic.a(getpid.os)
 .eh_frame      0x0000000000003810       0x30 /home/clst_wk/Documents/MizoTTSSystem/glibc-2.29/build/libc_pic.a(xstat.os)
 .eh_frame      0x0000000000003840       0x30 /home/clst_wk/Documents/MizoTTSSystem/glibc-2.29/build/libc_pic.a(fxstat.os)
 .eh_frame      0x0000000000003870       0x30 /home/clst_wk/Documents/MizoTTSSystem/glibc-2.29/build/libc_pic.a(lxstat.os)
 .eh_frame      0x00000000000038a0       0x30 /home/clst_wk/Documents/MizoTTSSystem/glibc-2.29/build/libc_pic.a(lseek64.os)
 .eh_frame      0x00000000000038d0       0x30 /home/clst_wk/Documents/MizoTTSSystem/glibc-2.29/build/libc_pic.a(access.os)
 .eh_frame      0x0000000000003900       0x30 /home/clst_wk/Documents/MizoTTSSystem/glibc-2.29/build/libc_pic.a(close_nocancel.os)
 .eh_frame      0x0000000000003930       0x48 /home/clst_wk/Documents/MizoTTSSystem/glibc-2.29/build/libc_pic.a(fcntl_nocancel.os)
 .eh_frame      0x0000000000003978       0x30 /home/clst_wk/Documents/MizoTTSSystem/glibc-2.29/build/libc_pic.a(open64_nocancel.os)
 .eh_frame      0x00000000000039a8       0x30 /home/clst_wk/Documents/MizoTTSSystem/glibc-2.29/build/libc_pic.a(openat64_nocancel.os)
 .eh_frame      0x00000000000039d8       0x30 /home/clst_wk/Documents/MizoTTSSystem/glibc-2.29/build/libc_pic.a(read_nocancel.os)
 .eh_frame      0x0000000000003a08       0x30 /home/clst_wk/Documents/MizoTTSSystem/glibc-2.29/build/libc_pic.a(write_nocancel.os)
 .eh_frame      0x0000000000003a38       0x70 /home/clst_wk/Documents/MizoTTSSystem/glibc-2.29/build/libc_pic.a(mmap64.os)
 .eh_frame      0x0000000000003aa8       0x30 /home/clst_wk/Documents/MizoTTSSystem/glibc-2.29/build/libc_pic.a(munmap.os)
 .eh_frame      0x0000000000003ad8       0x30 /home/clst_wk/Documents/MizoTTSSystem/glibc-2.29/build/libc_pic.a(mprotect.os)
 .eh_frame      0x0000000000003b08       0x80 /home/clst_wk/Documents/MizoTTSSystem/glibc-2.29/build/libc_pic.a(profil.os)
 .eh_frame      0x0000000000003b88       0x30 /home/clst_wk/Documents/MizoTTSSystem/glibc-2.29/build/libc_pic.a(prof-freq.os)
 .eh_frame      0x0000000000003bb8       0x60 /home/clst_wk/Documents/MizoTTSSystem/glibc-2.29/build/libc_pic.a(libc-lowlevellock.os)
 .eh_frame      0x0000000000003c18       0x30 /home/clst_wk/Documents/MizoTTSSystem/glibc-2.29/build/libc_pic.a(dl-addr-obj.os)
 .eh_frame      0x0000000000003c48       0xe0 /home/clst_wk/Documents/MizoTTSSystem/glibc-2.29/build/libc_pic.a(sigaction.os)
                                         0xe8 (size before relaxing)
 .eh_frame      0x0000000000003d28       0x30 /home/clst_wk/Documents/MizoTTSSystem/glibc-2.29/build/libc_pic.a(setitimer.os)
 .eh_frame      0x0000000000003d58       0x2c /home/clst_wk/Documents/MizoTTSSystem/glibc-2.29/build/libc_pic.a(getdents64.os)
                                         0x30 (size before relaxing)

.gcc_except_table
 *(.gcc_except_table .gcc_except_table.*)

.gnu_extab
 *(.gnu_extab*)

.exception_ranges
 *(.exception_ranges .exception_ranges*)

.eh_frame
 *(.eh_frame)

.gnu_extab
 *(.gnu_extab)

.gcc_except_table
 *(.gcc_except_table .gcc_except_table.*)

.exception_ranges
 *(.exception_ranges .exception_ranges*)

.tdata
 *(.tdata)

.tbss           0x0000000000000000        0x4
 *(.tbss)
 .tbss          0x0000000000000000        0x4 /home/clst_wk/Documents/MizoTTSSystem/glibc-2.29/build/libc_pic.a(errno.os)
                0x0000000000000000                errno
                0x0000000000000000                __libc_errno

.jcr
 *(.jcr)

.dynamic
 *(.dynamic)

.got
 *(.got)
 *(.igot)

.got.plt
 *(.got.plt)
 *(.igot.plt)

.data           0x0000000000000000      0xfd8
 *(.data)
 .data          0x0000000000000000      0xf98 /home/clst_wk/Documents/MizoTTSSystem/glibc-2.29/build/elf/dl-allobjs.os
                0x0000000000000000                _rtld_global
                0x0000000000000000                _rtld_local
 .data          0x0000000000000f98        0x0 /home/clst_wk/Documents/MizoTTSSystem/glibc-2.29/build/libc_pic.a(check_fds.os)
 .data          0x0000000000000f98        0x0 /home/clst_wk/Documents/MizoTTSSystem/glibc-2.29/build/libc_pic.a(errno.os)
 .data          0x0000000000000f98        0x0 /home/clst_wk/Documents/MizoTTSSystem/glibc-2.29/build/libc_pic.a(setjmp.os)
 .data          0x0000000000000f98        0x0 /home/clst_wk/Documents/MizoTTSSystem/glibc-2.29/build/libc_pic.a(__longjmp.os)
 .data          0x0000000000000f98        0x0 /home/clst_wk/Documents/MizoTTSSystem/glibc-2.29/build/libc_pic.a(scratch_buffer_set_array_size.os)
 .data          0x0000000000000f98        0x0 /home/clst_wk/Documents/MizoTTSSystem/glibc-2.29/build/libc_pic.a(strchr.os)
 .data          0x0000000000000f98        0x0 /home/clst_wk/Documents/MizoTTSSystem/glibc-2.29/build/libc_pic.a(strcmp.os)
 .data          0x0000000000000f98        0x0 /home/clst_wk/Documents/MizoTTSSystem/glibc-2.29/build/libc_pic.a(strcspn.os)
 .data          0x0000000000000f98        0x0 /home/clst_wk/Documents/MizoTTSSystem/glibc-2.29/build/libc_pic.a(strdup.os)
 .data          0x0000000000000f98        0x0 /home/clst_wk/Documents/MizoTTSSystem/glibc-2.29/build/libc_pic.a(strlen.os)
 .data          0x0000000000000f98        0x0 /home/clst_wk/Documents/MizoTTSSystem/glibc-2.29/build/libc_pic.a(strnlen.os)
 .data          0x0000000000000f98        0x0 /home/clst_wk/Documents/MizoTTSSystem/glibc-2.29/build/libc_pic.a(strncmp.os)
 .data          0x0000000000000f98        0x0 /home/clst_wk/Documents/MizoTTSSystem/glibc-2.29/build/libc_pic.a(memchr.os)
 .data          0x0000000000000f98        0x0 /home/clst_wk/Documents/MizoTTSSystem/glibc-2.29/build/libc_pic.a(memcmp.os)
 .data          0x0000000000000f98        0x0 /home/clst_wk/Documents/MizoTTSSystem/glibc-2.29/build/libc_pic.a(memmove.os)
 .data          0x0000000000000f98        0x0 /home/clst_wk/Documents/MizoTTSSystem/glibc-2.29/build/libc_pic.a(memset.os)
 .data          0x0000000000000f98        0x0 /home/clst_wk/Documents/MizoTTSSystem/glibc-2.29/build/libc_pic.a(mempcpy.os)
 .data          0x0000000000000f98        0x0 /home/clst_wk/Documents/MizoTTSSystem/glibc-2.29/build/libc_pic.a(stpcpy.os)
 .data          0x0000000000000f98        0x0 /home/clst_wk/Documents/MizoTTSSystem/glibc-2.29/build/libc_pic.a(memcpy.os)
 .data          0x0000000000000f98        0x0 /home/clst_wk/Documents/MizoTTSSystem/glibc-2.29/build/libc_pic.a(rawmemchr.os)
 .data          0x0000000000000f98        0x0 /home/clst_wk/Documents/MizoTTSSystem/glibc-2.29/build/libc_pic.a(strcmp-sse2.os)
 .data          0x0000000000000f98        0x0 /home/clst_wk/Documents/MizoTTSSystem/glibc-2.29/build/libc_pic.a(strcmp-sse2-unaligned.os)
 .data          0x0000000000000f98        0x0 /home/clst_wk/Documents/MizoTTSSystem/glibc-2.29/build/libc_pic.a(strcmp-ssse3.os)
 .data          0x0000000000000f98        0x0 /home/clst_wk/Documents/MizoTTSSystem/glibc-2.29/build/libc_pic.a(strcmp-avx2.os)
 .data          0x0000000000000f98        0x0 /home/clst_wk/Documents/MizoTTSSystem/glibc-2.29/build/libc_pic.a(strncmp-sse2.os)
 .data          0x0000000000000f98        0x0 /home/clst_wk/Documents/MizoTTSSystem/glibc-2.29/build/libc_pic.a(strncmp-ssse3.os)
 .data          0x0000000000000f98        0x0 /home/clst_wk/Documents/MizoTTSSystem/glibc-2.29/build/libc_pic.a(strncmp-sse4_2.os)
 .data          0x0000000000000f98        0x0 /home/clst_wk/Documents/MizoTTSSystem/glibc-2.29/build/libc_pic.a(strncmp-avx2.os)
 .data          0x0000000000000f98        0x0 /home/clst_wk/Documents/MizoTTSSystem/glibc-2.29/build/libc_pic.a(memchr-sse2.os)
 .data          0x0000000000000f98        0x0 /home/clst_wk/Documents/MizoTTSSystem/glibc-2.29/build/libc_pic.a(rawmemchr-sse2.os)
 .data          0x0000000000000f98        0x0 /home/clst_wk/Documents/MizoTTSSystem/glibc-2.29/build/libc_pic.a(memchr-avx2.os)
 .data          0x0000000000000f98        0x0 /home/clst_wk/Documents/MizoTTSSystem/glibc-2.29/build/libc_pic.a(rawmemchr-avx2.os)
 .data          0x0000000000000f98        0x0 /home/clst_wk/Documents/MizoTTSSystem/glibc-2.29/build/libc_pic.a(memcmp-sse2.os)
 .data          0x0000000000000f98        0x0 /home/clst_wk/Documents/MizoTTSSystem/glibc-2.29/build/libc_pic.a(memcmp-avx2-movbe.os)
 .data          0x0000000000000f98        0x0 /home/clst_wk/Documents/MizoTTSSystem/glibc-2.29/build/libc_pic.a(memcmp-sse4.os)
 .data          0x0000000000000f98        0x0 /home/clst_wk/Documents/MizoTTSSystem/glibc-2.29/build/libc_pic.a(memcpy-ssse3.os)
 .data          0x0000000000000f98        0x0 /home/clst_wk/Documents/MizoTTSSystem/glibc-2.29/build/libc_pic.a(memmove-ssse3.os)
 .data          0x0000000000000f98        0x0 /home/clst_wk/Documents/MizoTTSSystem/glibc-2.29/build/libc_pic.a(memcpy-ssse3-back.os)
 .data          0x0000000000000f98        0x0 /home/clst_wk/Documents/MizoTTSSystem/glibc-2.29/build/libc_pic.a(memmove-ssse3-back.os)
 .data          0x0000000000000f98        0x0 /home/clst_wk/Documents/MizoTTSSystem/glibc-2.29/build/libc_pic.a(memmove-avx512-no-vzeroupper.os)
 .data          0x0000000000000f98        0x0 /home/clst_wk/Documents/MizoTTSSystem/glibc-2.29/build/libc_pic.a(strchr-sse2.os)
 .data          0x0000000000000f98        0x0 /home/clst_wk/Documents/MizoTTSSystem/glibc-2.29/build/libc_pic.a(strchr-avx2.os)
 .data          0x0000000000000f98        0x0 /home/clst_wk/Documents/MizoTTSSystem/glibc-2.29/build/libc_pic.a(strlen-sse2.os)
 .data          0x0000000000000f98        0x0 /home/clst_wk/Documents/MizoTTSSystem/glibc-2.29/build/libc_pic.a(strnlen-sse2.os)
 .data          0x0000000000000f98        0x0 /home/clst_wk/Documents/MizoTTSSystem/glibc-2.29/build/libc_pic.a(strlen-avx2.os)
 .data          0x0000000000000f98        0x0 /home/clst_wk/Documents/MizoTTSSystem/glibc-2.29/build/libc_pic.a(strnlen-avx2.os)
 .data          0x0000000000000f98        0x0 /home/clst_wk/Documents/MizoTTSSystem/glibc-2.29/build/libc_pic.a(stpcpy-sse2.os)
 .data          0x0000000000000f98        0x0 /home/clst_wk/Documents/MizoTTSSystem/glibc-2.29/build/libc_pic.a(stpcpy-ssse3.os)
 .data          0x0000000000000f98        0x0 /home/clst_wk/Documents/MizoTTSSystem/glibc-2.29/build/libc_pic.a(stpcpy-sse2-unaligned.os)
 .data          0x0000000000000f98        0x0 /home/clst_wk/Documents/MizoTTSSystem/glibc-2.29/build/libc_pic.a(stpcpy-avx2.os)
 .data          0x0000000000000f98        0x0 /home/clst_wk/Documents/MizoTTSSystem/glibc-2.29/build/libc_pic.a(strchr-sse2-no-bsf.os)
 .data          0x0000000000000f98        0x0 /home/clst_wk/Documents/MizoTTSSystem/glibc-2.29/build/libc_pic.a(memcmp-ssse3.os)
 .data          0x0000000000000f98        0x0 /home/clst_wk/Documents/MizoTTSSystem/glibc-2.29/build/libc_pic.a(strcspn-sse2.os)
 .data          0x0000000000000f98        0x0 /home/clst_wk/Documents/MizoTTSSystem/glibc-2.29/build/libc_pic.a(strcspn-c.os)
 .data          0x0000000000000f98        0x0 /home/clst_wk/Documents/MizoTTSSystem/glibc-2.29/build/libc_pic.a(varshift.os)
 .data          0x0000000000000f98        0x0 /home/clst_wk/Documents/MizoTTSSystem/glibc-2.29/build/libc_pic.a(memset-avx512-no-vzeroupper.os)
 .data          0x0000000000000f98        0x0 /home/clst_wk/Documents/MizoTTSSystem/glibc-2.29/build/libc_pic.a(memmove-sse2-unaligned-erms.os)
 .data          0x0000000000000f98        0x0 /home/clst_wk/Documents/MizoTTSSystem/glibc-2.29/build/libc_pic.a(memmove-avx-unaligned-erms.os)
 .data          0x0000000000000f98        0x0 /home/clst_wk/Documents/MizoTTSSystem/glibc-2.29/build/libc_pic.a(memmove-avx512-unaligned-erms.os)
 .data          0x0000000000000f98        0x0 /home/clst_wk/Documents/MizoTTSSystem/glibc-2.29/build/libc_pic.a(memset-sse2-unaligned-erms.os)
 .data          0x0000000000000f98        0x0 /home/clst_wk/Documents/MizoTTSSystem/glibc-2.29/build/libc_pic.a(memset-avx2-unaligned-erms.os)
 .data          0x0000000000000f98        0x0 /home/clst_wk/Documents/MizoTTSSystem/glibc-2.29/build/libc_pic.a(memset-avx512-unaligned-erms.os)
 .data          0x0000000000000f98       0x40 /home/clst_wk/Documents/MizoTTSSystem/glibc-2.29/build/libc_pic.a(cacheinfo.os)
                0x0000000000000f98                __x86_raw_shared_cache_size
                0x0000000000000fa0                __x86_raw_shared_cache_size_half
                0x0000000000000fa8                __x86_shared_cache_size
                0x0000000000000fb0                __x86_shared_cache_size_half
                0x0000000000000fb8                __x86_raw_data_cache_size
                0x0000000000000fc0                __x86_raw_data_cache_size_half
                0x0000000000000fc8                __x86_data_cache_size
                0x0000000000000fd0                __x86_data_cache_size_half
 .data          0x0000000000000fd8        0x0 /home/clst_wk/Documents/MizoTTSSystem/glibc-2.29/build/libc_pic.a(closedir.os)
 .data          0x0000000000000fd8        0x0 /home/clst_wk/Documents/MizoTTSSystem/glibc-2.29/build/libc_pic.a(rewinddir.os)
 .data          0x0000000000000fd8        0x0 /home/clst_wk/Documents/MizoTTSSystem/glibc-2.29/build/libc_pic.a(readdir64.os)
 .data          0x0000000000000fd8        0x0 /home/clst_wk/Documents/MizoTTSSystem/glibc-2.29/build/libc_pic.a(fdopendir.os)
 .data          0x0000000000000fd8        0x0 /home/clst_wk/Documents/MizoTTSSystem/glibc-2.29/build/libc_pic.a(uname.os)
 .data          0x0000000000000fd8        0x0 /home/clst_wk/Documents/MizoTTSSystem/glibc-2.29/build/libc_pic.a(_exit.os)
 .data          0x0000000000000fd8        0x0 /home/clst_wk/Documents/MizoTTSSystem/glibc-2.29/build/libc_pic.a(getpid.os)
 .data          0x0000000000000fd8        0x0 /home/clst_wk/Documents/MizoTTSSystem/glibc-2.29/build/libc_pic.a(environ.os)
 .data          0x0000000000000fd8        0x0 /home/clst_wk/Documents/MizoTTSSystem/glibc-2.29/build/libc_pic.a(xstat.os)
 .data          0x0000000000000fd8        0x0 /home/clst_wk/Documents/MizoTTSSystem/glibc-2.29/build/libc_pic.a(fxstat.os)
 .data          0x0000000000000fd8        0x0 /home/clst_wk/Documents/MizoTTSSystem/glibc-2.29/build/libc_pic.a(lxstat.os)
 .data          0x0000000000000fd8        0x0 /home/clst_wk/Documents/MizoTTSSystem/glibc-2.29/build/libc_pic.a(lseek64.os)
 .data          0x0000000000000fd8        0x0 /home/clst_wk/Documents/MizoTTSSystem/glibc-2.29/build/libc_pic.a(access.os)
 .data          0x0000000000000fd8        0x0 /home/clst_wk/Documents/MizoTTSSystem/glibc-2.29/build/libc_pic.a(close_nocancel.os)
 .data          0x0000000000000fd8        0x0 /home/clst_wk/Documents/MizoTTSSystem/glibc-2.29/build/libc_pic.a(fcntl_nocancel.os)
 .data          0x0000000000000fd8        0x0 /home/clst_wk/Documents/MizoTTSSystem/glibc-2.29/build/libc_pic.a(open64_nocancel.os)
 .data          0x0000000000000fd8        0x0 /home/clst_wk/Documents/MizoTTSSystem/glibc-2.29/build/libc_pic.a(openat64_nocancel.os)
 .data          0x0000000000000fd8        0x0 /home/clst_wk/Documents/MizoTTSSystem/glibc-2.29/build/libc_pic.a(read_nocancel.os)
 .data          0x0000000000000fd8        0x0 /home/clst_wk/Documents/MizoTTSSystem/glibc-2.29/build/libc_pic.a(write_nocancel.os)
 .data          0x0000000000000fd8        0x0 /home/clst_wk/Documents/MizoTTSSystem/glibc-2.29/build/libc_pic.a(mmap64.os)
 .data          0x0000000000000fd8        0x0 /home/clst_wk/Documents/MizoTTSSystem/glibc-2.29/build/libc_pic.a(munmap.os)
 .data          0x0000000000000fd8        0x0 /home/clst_wk/Documents/MizoTTSSystem/glibc-2.29/build/libc_pic.a(mprotect.os)
 .data          0x0000000000000fd8        0x0 /home/clst_wk/Documents/MizoTTSSystem/glibc-2.29/build/libc_pic.a(profil.os)
 .data          0x0000000000000fd8        0x0 /home/clst_wk/Documents/MizoTTSSystem/glibc-2.29/build/libc_pic.a(prof-freq.os)
 .data          0x0000000000000fd8        0x0 /home/clst_wk/Documents/MizoTTSSystem/glibc-2.29/build/libc_pic.a(libc-lowlevellock.os)
 .data          0x0000000000000fd8        0x0 /home/clst_wk/Documents/MizoTTSSystem/glibc-2.29/build/libc_pic.a(libc_multiple_threads.os)
 .data          0x0000000000000fd8        0x0 /home/clst_wk/Documents/MizoTTSSystem/glibc-2.29/build/libc_pic.a(dl-addr-obj.os)
 .data          0x0000000000000fd8        0x0 /home/clst_wk/Documents/MizoTTSSystem/glibc-2.29/build/libc_pic.a(sigaction.os)
 .data          0x0000000000000fd8        0x0 /home/clst_wk/Documents/MizoTTSSystem/glibc-2.29/build/libc_pic.a(setitimer.os)
 .data          0x0000000000000fd8        0x0 /home/clst_wk/Documents/MizoTTSSystem/glibc-2.29/build/libc_pic.a(getdents64.os)

.data.rel.ro    0x0000000000000000      0x8ac
 .data.rel.ro   0x0000000000000000      0x8ac /home/clst_wk/Documents/MizoTTSSystem/glibc-2.29/build/elf/dl-allobjs.os
                0x00000000000000b0                __pointer_chk_guard_local
                0x00000000000000b8                _dl_skip_args
                0x00000000000000c0                __GI__dl_argv
                0x00000000000000c0                _dl_argv
                0x00000000000000c8                _dl_argc
                0x00000000000000e0                _rtld_global_ro
                0x00000000000000e0                _rtld_local_ro
                0x0000000000000310                __stack_prot
                0x0000000000000898                _dl_random
                0x00000000000008a0                __libc_stack_end
                0x00000000000008a0                __GI___libc_stack_end
                0x00000000000008a8                __GI___libc_enable_secure
                0x00000000000008a8                __libc_enable_secure

.init_array     0x0000000000000000        0x8
 .init_array    0x0000000000000000        0x8 /home/clst_wk/Documents/MizoTTSSystem/glibc-2.29/build/libc_pic.a(cacheinfo.os)

.data1
 *(.data1)

.bss            0x0000000000000000      0x200
 *(.bss)
 .bss           0x0000000000000000      0x118 /home/clst_wk/Documents/MizoTTSSystem/glibc-2.29/build/elf/dl-allobjs.os
                0x00000000000000e0                __libc_multiple_libcs
                0x0000000000000110                __curbrk
 .bss           0x0000000000000118        0x0 /home/clst_wk/Documents/MizoTTSSystem/glibc-2.29/build/libc_pic.a(check_fds.os)
 .bss           0x0000000000000118        0x0 /home/clst_wk/Documents/MizoTTSSystem/glibc-2.29/build/libc_pic.a(errno.os)
 .bss           0x0000000000000118        0x0 /home/clst_wk/Documents/MizoTTSSystem/glibc-2.29/build/libc_pic.a(setjmp.os)
 .bss           0x0000000000000118        0x0 /home/clst_wk/Documents/MizoTTSSystem/glibc-2.29/build/libc_pic.a(__longjmp.os)
 .bss           0x0000000000000118        0x0 /home/clst_wk/Documents/MizoTTSSystem/glibc-2.29/build/libc_pic.a(scratch_buffer_set_array_size.os)
 .bss           0x0000000000000118        0x0 /home/clst_wk/Documents/MizoTTSSystem/glibc-2.29/build/libc_pic.a(strchr.os)
 .bss           0x0000000000000118        0x0 /home/clst_wk/Documents/MizoTTSSystem/glibc-2.29/build/libc_pic.a(strcmp.os)
 .bss           0x0000000000000118        0x0 /home/clst_wk/Documents/MizoTTSSystem/glibc-2.29/build/libc_pic.a(strcspn.os)
 .bss           0x0000000000000118        0x0 /home/clst_wk/Documents/MizoTTSSystem/glibc-2.29/build/libc_pic.a(strdup.os)
 .bss           0x0000000000000118        0x0 /home/clst_wk/Documents/MizoTTSSystem/glibc-2.29/build/libc_pic.a(strlen.os)
 .bss           0x0000000000000118        0x0 /home/clst_wk/Documents/MizoTTSSystem/glibc-2.29/build/libc_pic.a(strnlen.os)
 .bss           0x0000000000000118        0x0 /home/clst_wk/Documents/MizoTTSSystem/glibc-2.29/build/libc_pic.a(strncmp.os)
 .bss           0x0000000000000118        0x0 /home/clst_wk/Documents/MizoTTSSystem/glibc-2.29/build/libc_pic.a(memchr.os)
 .bss           0x0000000000000118        0x0 /home/clst_wk/Documents/MizoTTSSystem/glibc-2.29/build/libc_pic.a(memcmp.os)
 .bss           0x0000000000000118        0x0 /home/clst_wk/Documents/MizoTTSSystem/glibc-2.29/build/libc_pic.a(memmove.os)
 .bss           0x0000000000000118        0x0 /home/clst_wk/Documents/MizoTTSSystem/glibc-2.29/build/libc_pic.a(memset.os)
 .bss           0x0000000000000118        0x0 /home/clst_wk/Documents/MizoTTSSystem/glibc-2.29/build/libc_pic.a(mempcpy.os)
 .bss           0x0000000000000118        0x0 /home/clst_wk/Documents/MizoTTSSystem/glibc-2.29/build/libc_pic.a(stpcpy.os)
 .bss           0x0000000000000118        0x0 /home/clst_wk/Documents/MizoTTSSystem/glibc-2.29/build/libc_pic.a(memcpy.os)
 .bss           0x0000000000000118        0x0 /home/clst_wk/Documents/MizoTTSSystem/glibc-2.29/build/libc_pic.a(rawmemchr.os)
 .bss           0x0000000000000118        0x0 /home/clst_wk/Documents/MizoTTSSystem/glibc-2.29/build/libc_pic.a(strcmp-sse2.os)
 .bss           0x0000000000000118        0x0 /home/clst_wk/Documents/MizoTTSSystem/glibc-2.29/build/libc_pic.a(strcmp-sse2-unaligned.os)
 .bss           0x0000000000000118        0x0 /home/clst_wk/Documents/MizoTTSSystem/glibc-2.29/build/libc_pic.a(strcmp-ssse3.os)
 .bss           0x0000000000000118        0x0 /home/clst_wk/Documents/MizoTTSSystem/glibc-2.29/build/libc_pic.a(strcmp-avx2.os)
 .bss           0x0000000000000118        0x0 /home/clst_wk/Documents/MizoTTSSystem/glibc-2.29/build/libc_pic.a(strncmp-sse2.os)
 .bss           0x0000000000000118        0x0 /home/clst_wk/Documents/MizoTTSSystem/glibc-2.29/build/libc_pic.a(strncmp-ssse3.os)
 .bss           0x0000000000000118        0x0 /home/clst_wk/Documents/MizoTTSSystem/glibc-2.29/build/libc_pic.a(strncmp-sse4_2.os)
 .bss           0x0000000000000118        0x0 /home/clst_wk/Documents/MizoTTSSystem/glibc-2.29/build/libc_pic.a(strncmp-avx2.os)
 .bss           0x0000000000000118        0x0 /home/clst_wk/Documents/MizoTTSSystem/glibc-2.29/build/libc_pic.a(memchr-sse2.os)
 .bss           0x0000000000000118        0x0 /home/clst_wk/Documents/MizoTTSSystem/glibc-2.29/build/libc_pic.a(rawmemchr-sse2.os)
 .bss           0x0000000000000118        0x0 /home/clst_wk/Documents/MizoTTSSystem/glibc-2.29/build/libc_pic.a(memchr-avx2.os)
 .bss           0x0000000000000118        0x0 /home/clst_wk/Documents/MizoTTSSystem/glibc-2.29/build/libc_pic.a(rawmemchr-avx2.os)
 .bss           0x0000000000000118        0x0 /home/clst_wk/Documents/MizoTTSSystem/glibc-2.29/build/libc_pic.a(memcmp-sse2.os)
 .bss           0x0000000000000118        0x0 /home/clst_wk/Documents/MizoTTSSystem/glibc-2.29/build/libc_pic.a(memcmp-avx2-movbe.os)
 .bss           0x0000000000000118        0x0 /home/clst_wk/Documents/MizoTTSSystem/glibc-2.29/build/libc_pic.a(memcmp-sse4.os)
 .bss           0x0000000000000118        0x0 /home/clst_wk/Documents/MizoTTSSystem/glibc-2.29/build/libc_pic.a(memcpy-ssse3.os)
 .bss           0x0000000000000118        0x0 /home/clst_wk/Documents/MizoTTSSystem/glibc-2.29/build/libc_pic.a(memmove-ssse3.os)
 .bss           0x0000000000000118        0x0 /home/clst_wk/Documents/MizoTTSSystem/glibc-2.29/build/libc_pic.a(memcpy-ssse3-back.os)
 .bss           0x0000000000000118        0x0 /home/clst_wk/Documents/MizoTTSSystem/glibc-2.29/build/libc_pic.a(memmove-ssse3-back.os)
 .bss           0x0000000000000118        0x0 /home/clst_wk/Documents/MizoTTSSystem/glibc-2.29/build/libc_pic.a(memmove-avx512-no-vzeroupper.os)
 .bss           0x0000000000000118        0x0 /home/clst_wk/Documents/MizoTTSSystem/glibc-2.29/build/libc_pic.a(strchr-sse2.os)
 .bss           0x0000000000000118        0x0 /home/clst_wk/Documents/MizoTTSSystem/glibc-2.29/build/libc_pic.a(strchr-avx2.os)
 .bss           0x0000000000000118        0x0 /home/clst_wk/Documents/MizoTTSSystem/glibc-2.29/build/libc_pic.a(strlen-sse2.os)
 .bss           0x0000000000000118        0x0 /home/clst_wk/Documents/MizoTTSSystem/glibc-2.29/build/libc_pic.a(strnlen-sse2.os)
 .bss           0x0000000000000118        0x0 /home/clst_wk/Documents/MizoTTSSystem/glibc-2.29/build/libc_pic.a(strlen-avx2.os)
 .bss           0x0000000000000118        0x0 /home/clst_wk/Documents/MizoTTSSystem/glibc-2.29/build/libc_pic.a(strnlen-avx2.os)
 .bss           0x0000000000000118        0x0 /home/clst_wk/Documents/MizoTTSSystem/glibc-2.29/build/libc_pic.a(stpcpy-sse2.os)
 .bss           0x0000000000000118        0x0 /home/clst_wk/Documents/MizoTTSSystem/glibc-2.29/build/libc_pic.a(stpcpy-ssse3.os)
 .bss           0x0000000000000118        0x0 /home/clst_wk/Documents/MizoTTSSystem/glibc-2.29/build/libc_pic.a(stpcpy-sse2-unaligned.os)
 .bss           0x0000000000000118        0x0 /home/clst_wk/Documents/MizoTTSSystem/glibc-2.29/build/libc_pic.a(stpcpy-avx2.os)
 .bss           0x0000000000000118        0x0 /home/clst_wk/Documents/MizoTTSSystem/glibc-2.29/build/libc_pic.a(strchr-sse2-no-bsf.os)
 .bss           0x0000000000000118        0x0 /home/clst_wk/Documents/MizoTTSSystem/glibc-2.29/build/libc_pic.a(memcmp-ssse3.os)
 .bss           0x0000000000000118        0x0 /home/clst_wk/Documents/MizoTTSSystem/glibc-2.29/build/libc_pic.a(strcspn-sse2.os)
 .bss           0x0000000000000118        0x0 /home/clst_wk/Documents/MizoTTSSystem/glibc-2.29/build/libc_pic.a(strcspn-c.os)
 .bss           0x0000000000000118        0x0 /home/clst_wk/Documents/MizoTTSSystem/glibc-2.29/build/libc_pic.a(varshift.os)
 .bss           0x0000000000000118        0x0 /home/clst_wk/Documents/MizoTTSSystem/glibc-2.29/build/libc_pic.a(memset-avx512-no-vzeroupper.os)
 .bss           0x0000000000000118        0x0 /home/clst_wk/Documents/MizoTTSSystem/glibc-2.29/build/libc_pic.a(memmove-sse2-unaligned-erms.os)
 .bss           0x0000000000000118        0x0 /home/clst_wk/Documents/MizoTTSSystem/glibc-2.29/build/libc_pic.a(memmove-avx-unaligned-erms.os)
 .bss           0x0000000000000118        0x0 /home/clst_wk/Documents/MizoTTSSystem/glibc-2.29/build/libc_pic.a(memmove-avx512-unaligned-erms.os)
 .bss           0x0000000000000118        0x0 /home/clst_wk/Documents/MizoTTSSystem/glibc-2.29/build/libc_pic.a(memset-sse2-unaligned-erms.os)
 .bss           0x0000000000000118        0x0 /home/clst_wk/Documents/MizoTTSSystem/glibc-2.29/build/libc_pic.a(memset-avx2-unaligned-erms.os)
 .bss           0x0000000000000118        0x0 /home/clst_wk/Documents/MizoTTSSystem/glibc-2.29/build/libc_pic.a(memset-avx512-unaligned-erms.os)
 .bss           0x0000000000000118        0x0 /home/clst_wk/Documents/MizoTTSSystem/glibc-2.29/build/libc_pic.a(cacheinfo.os)
 .bss           0x0000000000000118        0x0 /home/clst_wk/Documents/MizoTTSSystem/glibc-2.29/build/libc_pic.a(closedir.os)
 .bss           0x0000000000000118        0x0 /home/clst_wk/Documents/MizoTTSSystem/glibc-2.29/build/libc_pic.a(rewinddir.os)
 .bss           0x0000000000000118        0x0 /home/clst_wk/Documents/MizoTTSSystem/glibc-2.29/build/libc_pic.a(readdir64.os)
 .bss           0x0000000000000118        0x0 /home/clst_wk/Documents/MizoTTSSystem/glibc-2.29/build/libc_pic.a(fdopendir.os)
 .bss           0x0000000000000118        0x0 /home/clst_wk/Documents/MizoTTSSystem/glibc-2.29/build/libc_pic.a(uname.os)
 .bss           0x0000000000000118        0x0 /home/clst_wk/Documents/MizoTTSSystem/glibc-2.29/build/libc_pic.a(_exit.os)
 .bss           0x0000000000000118        0x0 /home/clst_wk/Documents/MizoTTSSystem/glibc-2.29/build/libc_pic.a(getpid.os)
 .bss           0x0000000000000118        0x8 /home/clst_wk/Documents/MizoTTSSystem/glibc-2.29/build/libc_pic.a(environ.os)
                0x0000000000000118                _environ
                0x0000000000000118                __environ
                0x0000000000000118                environ
 .bss           0x0000000000000120        0x0 /home/clst_wk/Documents/MizoTTSSystem/glibc-2.29/build/libc_pic.a(xstat.os)
 .bss           0x0000000000000120        0x0 /home/clst_wk/Documents/MizoTTSSystem/glibc-2.29/build/libc_pic.a(fxstat.os)
 .bss           0x0000000000000120        0x0 /home/clst_wk/Documents/MizoTTSSystem/glibc-2.29/build/libc_pic.a(lxstat.os)
 .bss           0x0000000000000120        0x0 /home/clst_wk/Documents/MizoTTSSystem/glibc-2.29/build/libc_pic.a(lseek64.os)
 .bss           0x0000000000000120        0x0 /home/clst_wk/Documents/MizoTTSSystem/glibc-2.29/build/libc_pic.a(access.os)
 .bss           0x0000000000000120        0x0 /home/clst_wk/Documents/MizoTTSSystem/glibc-2.29/build/libc_pic.a(close_nocancel.os)
 .bss           0x0000000000000120        0x0 /home/clst_wk/Documents/MizoTTSSystem/glibc-2.29/build/libc_pic.a(fcntl_nocancel.os)
 .bss           0x0000000000000120        0x0 /home/clst_wk/Documents/MizoTTSSystem/glibc-2.29/build/libc_pic.a(open64_nocancel.os)
 .bss           0x0000000000000120        0x0 /home/clst_wk/Documents/MizoTTSSystem/glibc-2.29/build/libc_pic.a(openat64_nocancel.os)
 .bss           0x0000000000000120        0x0 /home/clst_wk/Documents/MizoTTSSystem/glibc-2.29/build/libc_pic.a(read_nocancel.os)
 .bss           0x0000000000000120        0x0 /home/clst_wk/Documents/MizoTTSSystem/glibc-2.29/build/libc_pic.a(write_nocancel.os)
 .bss           0x0000000000000120        0x0 /home/clst_wk/Documents/MizoTTSSystem/glibc-2.29/build/libc_pic.a(mmap64.os)
 .bss           0x0000000000000120        0x0 /home/clst_wk/Documents/MizoTTSSystem/glibc-2.29/build/libc_pic.a(munmap.os)
 .bss           0x0000000000000120        0x0 /home/clst_wk/Documents/MizoTTSSystem/glibc-2.29/build/libc_pic.a(mprotect.os)
 .bss           0x0000000000000120       0xe0 /home/clst_wk/Documents/MizoTTSSystem/glibc-2.29/build/libc_pic.a(profil.os)
 .bss           0x0000000000000200        0x0 /home/clst_wk/Documents/MizoTTSSystem/glibc-2.29/build/libc_pic.a(prof-freq.os)
 .bss           0x0000000000000200        0x0 /home/clst_wk/Documents/MizoTTSSystem/glibc-2.29/build/libc_pic.a(libc-lowlevellock.os)
 .bss           0x0000000000000200        0x0 /home/clst_wk/Documents/MizoTTSSystem/glibc-2.29/build/libc_pic.a(libc_multiple_threads.os)
 .bss           0x0000000000000200        0x0 /home/clst_wk/Documents/MizoTTSSystem/glibc-2.29/build/libc_pic.a(dl-addr-obj.os)
 .bss           0x0000000000000200        0x0 /home/clst_wk/Documents/MizoTTSSystem/glibc-2.29/build/libc_pic.a(sigaction.os)
 .bss           0x0000000000000200        0x0 /home/clst_wk/Documents/MizoTTSSystem/glibc-2.29/build/libc_pic.a(setitimer.os)
 .bss           0x0000000000000200        0x0 /home/clst_wk/Documents/MizoTTSSystem/glibc-2.29/build/libc_pic.a(getdents64.os)
 *(COMMON)
 COMMON         0x0000000000000200        0x0 /home/clst_wk/Documents/MizoTTSSystem/glibc-2.29/build/elf/dl-allobjs.os
 COMMON         0x0000000000000200        0x0 /home/clst_wk/Documents/MizoTTSSystem/glibc-2.29/build/libc_pic.a(cacheinfo.os)
 COMMON         0x0000000000000200        0x0 /home/clst_wk/Documents/MizoTTSSystem/glibc-2.29/build/libc_pic.a(libc_multiple_threads.os)

.lbss
 *(.dynlbss)
 *(.lbss)
 *(LARGE_COMMON)

.lrodata
 *(.lrodata)

.ldata
 *(.ldata)

.stab
 *(.stab)

.stabstr
 *(.stabstr)

.stab.excl
 *(.stab.excl)

.stab.exclstr
 *(.stab.exclstr)

.stab.index
 *(.stab.index)

.stab.indexstr
 *(.stab.indexstr)

.comment        0x0000000000000000      0xd74
 *(.comment)
 .comment       0x0000000000000000      0x612 /home/clst_wk/Documents/MizoTTSSystem/glibc-2.29/build/elf/dl-allobjs.os
 .comment       0x0000000000000612       0x2a /home/clst_wk/Documents/MizoTTSSystem/glibc-2.29/build/libc_pic.a(check_fds.os)
 .comment       0x000000000000063c       0x2a /home/clst_wk/Documents/MizoTTSSystem/glibc-2.29/build/libc_pic.a(errno.os)
 .comment       0x0000000000000666       0x2a /home/clst_wk/Documents/MizoTTSSystem/glibc-2.29/build/libc_pic.a(scratch_buffer_set_array_size.os)
 .comment       0x0000000000000690       0x2a /home/clst_wk/Documents/MizoTTSSystem/glibc-2.29/build/libc_pic.a(strchr.os)
 .comment       0x00000000000006ba       0x2a /home/clst_wk/Documents/MizoTTSSystem/glibc-2.29/build/libc_pic.a(strcmp.os)
 .comment       0x00000000000006e4       0x2a /home/clst_wk/Documents/MizoTTSSystem/glibc-2.29/build/libc_pic.a(strcspn.os)
 .comment       0x000000000000070e       0x2a /home/clst_wk/Documents/MizoTTSSystem/glibc-2.29/build/libc_pic.a(strdup.os)
 .comment       0x0000000000000738       0x2a /home/clst_wk/Documents/MizoTTSSystem/glibc-2.29/build/libc_pic.a(strlen.os)
 .comment       0x0000000000000762       0x2a /home/clst_wk/Documents/MizoTTSSystem/glibc-2.29/build/libc_pic.a(strnlen.os)
 .comment       0x000000000000078c       0x2a /home/clst_wk/Documents/MizoTTSSystem/glibc-2.29/build/libc_pic.a(strncmp.os)
 .comment       0x00000000000007b6       0x2a /home/clst_wk/Documents/MizoTTSSystem/glibc-2.29/build/libc_pic.a(memchr.os)
 .comment       0x00000000000007e0       0x2a /home/clst_wk/Documents/MizoTTSSystem/glibc-2.29/build/libc_pic.a(memcmp.os)